Archive member included to satisfy reference by file (symbol)

/usr/local/Cellar/contiki-ng-arm-gcc-bin/5-2015-q4-major/bin/../lib/gcc/arm-none-eabi/5.2.1/../../../../arm-none-eabi/lib/armv7e-m/fpu/libc_nano.a(lib_a-exit.o)
                              /usr/local/Cellar/contiki-ng-arm-gcc-bin/5-2015-q4-major/bin/../lib/gcc/arm-none-eabi/5.2.1/../../../../arm-none-eabi/lib/armv7e-m/fpu/crt0.o (exit)
/usr/local/Cellar/contiki-ng-arm-gcc-bin/5-2015-q4-major/bin/../lib/gcc/arm-none-eabi/5.2.1/../../../../arm-none-eabi/lib/armv7e-m/fpu/libc_nano.a(lib_a-impure.o)
                              /usr/local/Cellar/contiki-ng-arm-gcc-bin/5-2015-q4-major/bin/../lib/gcc/arm-none-eabi/5.2.1/../../../../arm-none-eabi/lib/armv7e-m/fpu/libc_nano.a(lib_a-exit.o) (_global_impure_ptr)
/usr/local/Cellar/contiki-ng-arm-gcc-bin/5-2015-q4-major/bin/../lib/gcc/arm-none-eabi/5.2.1/../../../../arm-none-eabi/lib/armv7e-m/fpu/libc_nano.a(lib_a-init.o)
                              /usr/local/Cellar/contiki-ng-arm-gcc-bin/5-2015-q4-major/bin/../lib/gcc/arm-none-eabi/5.2.1/../../../../arm-none-eabi/lib/armv7e-m/fpu/crt0.o (__libc_init_array)
/usr/local/Cellar/contiki-ng-arm-gcc-bin/5-2015-q4-major/bin/../lib/gcc/arm-none-eabi/5.2.1/../../../../arm-none-eabi/lib/armv7e-m/fpu/libc_nano.a(lib_a-memset.o)
                              /usr/local/Cellar/contiki-ng-arm-gcc-bin/5-2015-q4-major/bin/../lib/gcc/arm-none-eabi/5.2.1/../../../../arm-none-eabi/lib/armv7e-m/fpu/crt0.o (memset)
/usr/local/Cellar/contiki-ng-arm-gcc-bin/5-2015-q4-major/bin/../lib/gcc/arm-none-eabi/5.2.1/../../../../arm-none-eabi/lib/armv7e-m/fpu/libnosys.a(_exit.o)
                              /usr/local/Cellar/contiki-ng-arm-gcc-bin/5-2015-q4-major/bin/../lib/gcc/arm-none-eabi/5.2.1/../../../../arm-none-eabi/lib/armv7e-m/fpu/libc_nano.a(lib_a-exit.o) (_exit)
/usr/local/Cellar/contiki-ng-arm-gcc-bin/5-2015-q4-major/bin/../lib/gcc/arm-none-eabi/5.2.1/armv7e-m/fpu/libgcc.a(_aeabi_uldivmod.o)
                              build/nrf52840/dk/obj/nrfx_wdt.o (__aeabi_uldivmod)
/usr/local/Cellar/contiki-ng-arm-gcc-bin/5-2015-q4-major/bin/../lib/gcc/arm-none-eabi/5.2.1/armv7e-m/fpu/libgcc.a(_udivmoddi4.o)
                              /usr/local/Cellar/contiki-ng-arm-gcc-bin/5-2015-q4-major/bin/../lib/gcc/arm-none-eabi/5.2.1/armv7e-m/fpu/libgcc.a(_aeabi_uldivmod.o) (__udivmoddi4)
/usr/local/Cellar/contiki-ng-arm-gcc-bin/5-2015-q4-major/bin/../lib/gcc/arm-none-eabi/5.2.1/armv7e-m/fpu/libgcc.a(_dvmd_tls.o)
                              /usr/local/Cellar/contiki-ng-arm-gcc-bin/5-2015-q4-major/bin/../lib/gcc/arm-none-eabi/5.2.1/armv7e-m/fpu/libgcc.a(_aeabi_uldivmod.o) (__aeabi_ldiv0)
/usr/local/Cellar/contiki-ng-arm-gcc-bin/5-2015-q4-major/bin/../lib/gcc/arm-none-eabi/5.2.1/../../../../arm-none-eabi/lib/armv7e-m/fpu/libc_nano.a(lib_a-memcmp.o)
                              build/nrf52840/dk/obj/linkaddr.o (memcmp)
/usr/local/Cellar/contiki-ng-arm-gcc-bin/5-2015-q4-major/bin/../lib/gcc/arm-none-eabi/5.2.1/../../../../arm-none-eabi/lib/armv7e-m/fpu/libc_nano.a(lib_a-memcpy-stub.o)
                              build/nrf52840/dk/obj/platform.o (memcpy)
/usr/local/Cellar/contiki-ng-arm-gcc-bin/5-2015-q4-major/bin/../lib/gcc/arm-none-eabi/5.2.1/../../../../arm-none-eabi/lib/armv7e-m/fpu/libc_nano.a(lib_a-rand.o)
                              build/nrf52840/dk/obj/random.o (srand)
/usr/local/Cellar/contiki-ng-arm-gcc-bin/5-2015-q4-major/bin/../lib/gcc/arm-none-eabi/5.2.1/../../../../arm-none-eabi/lib/armv7e-m/fpu/libc_nano.a(lib_a-reent.o)
                              build/nrf52840/dk/obj/syscalls.o (errno)
/usr/local/Cellar/contiki-ng-arm-gcc-bin/5-2015-q4-major/bin/../lib/gcc/arm-none-eabi/5.2.1/../../../../arm-none-eabi/lib/armv7e-m/fpu/libc_nano.a(lib_a-strcmp.o)
                              build/nrf52840/dk/obj/log.o (strcmp)
/usr/local/Cellar/contiki-ng-arm-gcc-bin/5-2015-q4-major/bin/../lib/gcc/arm-none-eabi/5.2.1/../../../../arm-none-eabi/lib/armv7e-m/fpu/libc_nano.a(lib_a-strlen.o)
                              build/nrf52840/dk/obj/sensors.o (strlen)
/usr/local/Cellar/contiki-ng-arm-gcc-bin/5-2015-q4-major/bin/../lib/gcc/arm-none-eabi/5.2.1/../../../../arm-none-eabi/lib/armv7e-m/fpu/libc_nano.a(lib_a-strncmp.o)
                              build/nrf52840/dk/obj/sensors.o (strncmp)
/usr/local/Cellar/contiki-ng-arm-gcc-bin/5-2015-q4-major/bin/../lib/gcc/arm-none-eabi/5.2.1/../../../../arm-none-eabi/lib/armv7e-m/fpu/libc_nano.a(lib_a-malloc.o)
                              /usr/local/Cellar/contiki-ng-arm-gcc-bin/5-2015-q4-major/bin/../lib/gcc/arm-none-eabi/5.2.1/../../../../arm-none-eabi/lib/armv7e-m/fpu/libc_nano.a(lib_a-rand.o) (malloc)
/usr/local/Cellar/contiki-ng-arm-gcc-bin/5-2015-q4-major/bin/../lib/gcc/arm-none-eabi/5.2.1/../../../../arm-none-eabi/lib/armv7e-m/fpu/libc_nano.a(lib_a-nano-freer.o)
[...]
Memory Configuration

Name             Origin             Length             Attributes
FLASH            0x0000000000000000 0x0000000000100000 xr
RAM              0x0000000020000000 0x0000000000040000 xrw
*default*        0x0000000000000000 0xffffffffffffffff

Linker script and memory map

LOAD /usr/local/Cellar/contiki-ng-arm-gcc-bin/5-2015-q4-major/bin/../lib/gcc/arm-none-eabi/5.2.1/armv7e-m/fpu/crti.o
LOAD /usr/local/Cellar/contiki-ng-arm-gcc-bin/5-2015-q4-major/bin/../lib/gcc/arm-none-eabi/5.2.1/armv7e-m/fpu/crtbegin.o
LOAD /usr/local/Cellar/contiki-ng-arm-gcc-bin/5-2015-q4-major/bin/../lib/gcc/arm-none-eabi/5.2.1/../../../../arm-none-eabi/lib/armv7e-m/fpu/crt0.o
LOAD /usr/local/Cellar/contiki-ng-arm-gcc-bin/5-2015-q4-major/bin/../lib/gcc/arm-none-eabi/5.2.1/../../../../arm-none-eabi/lib/armv7e-m/fpu/libc_nano.a
LOAD /usr/local/Cellar/contiki-ng-arm-gcc-bin/5-2015-q4-major/bin/../lib/gcc/arm-none-eabi/5.2.1/../../../../arm-none-eabi/lib/armv7e-m/fpu/libnosys.a
LOAD build/nrf52840/dk/obj/board-leds.o
LOAD build/nrf52840/dk/obj/board-buttons.o
LOAD build/nrf52840/dk/obj/nrf52840dk-sensors.o
LOAD build/nrf52840/dk/obj/platform.o
LOAD build/nrf52840/dk/obj/temperature-sensor.o
LOAD build/nrf52840/dk/obj/dbg.o
LOAD build/nrf52840/dk/obj/clock.o
LOAD build/nrf52840/dk/obj/rtimer-arch.o
LOAD build/nrf52840/dk/obj/uart0.o
LOAD build/nrf52840/dk/obj/watchdog.o
LOAD build/nrf52840/dk/obj/int-master.o
LOAD build/nrf52840/dk/obj/slip-arch.o
LOAD build/nrf52840/dk/obj/gpio-hal-arch.o
LOAD build/nrf52840/dk/obj/nrf52840-ieee.o
LOAD build/nrf52840/dk/obj/boards.o
LOAD build/nrf52840/dk/obj/app_error.o
LOAD build/nrf52840/dk/obj/app_error_handler_gcc.o
LOAD build/nrf52840/dk/obj/app_error_weak.o
LOAD build/nrf52840/dk/obj/nrf_assert.o
LOAD build/nrf52840/dk/obj/app_util_platform.o
LOAD build/nrf52840/dk/obj/nrf_queue.o
LOAD build/nrf52840/dk/obj/nrf_strerror.o
LOAD build/nrf52840/dk/obj/nrfx_clock.o
LOAD build/nrf52840/dk/obj/nrfx_rtc.o
LOAD build/nrf52840/dk/obj/nrfx_gpiote.o
LOAD build/nrf52840/dk/obj/nrfx_rng.o
LOAD build/nrf52840/dk/obj/nrfx_wdt.o
LOAD build/nrf52840/dk/obj/system_nrf52840.o
LOAD build/nrf52840/dk/obj/nrf_drv_clock.o
LOAD build/nrf52840/dk/obj/nrf_drv_rng.o
LOAD build/nrf52840/dk/obj/app_fifo.o
LOAD build/nrf52840/dk/obj/gcc_startup_nrf52840.o
LOAD build/nrf52840/dk/obj/contiki-main.o
LOAD build/nrf52840/dk/obj/atomic.o
LOAD build/nrf52840/dk/obj/autostart.o
LOAD build/nrf52840/dk/obj/compower.o
LOAD build/nrf52840/dk/obj/ctimer.o
LOAD build/nrf52840/dk/obj/energest.o
LOAD build/nrf52840/dk/obj/etimer.o
LOAD build/nrf52840/dk/obj/log.o
LOAD build/nrf52840/dk/obj/mutex.o
LOAD build/nrf52840/dk/obj/node-id.o
LOAD build/nrf52840/dk/obj/process.o
LOAD build/nrf52840/dk/obj/rtimer.o
LOAD build/nrf52840/dk/obj/stack-check.o
LOAD build/nrf52840/dk/obj/stimer.o
LOAD build/nrf52840/dk/obj/timer.o
LOAD build/nrf52840/dk/obj/aes-128.o
LOAD build/nrf52840/dk/obj/assert.o
LOAD build/nrf52840/dk/obj/ccm-star.o
LOAD build/nrf52840/dk/obj/circular-list.o
LOAD build/nrf52840/dk/obj/crc16.o
LOAD build/nrf52840/dk/obj/dbl-circ-list.o
LOAD build/nrf52840/dk/obj/dbl-list.o
LOAD build/nrf52840/dk/obj/heapmem.o
LOAD build/nrf52840/dk/obj/hexconv.o
LOAD build/nrf52840/dk/obj/ifft.o
LOAD build/nrf52840/dk/obj/list.o
LOAD build/nrf52840/dk/obj/memb.o
LOAD build/nrf52840/dk/obj/random.o
LOAD build/nrf52840/dk/obj/ringbuf.o
LOAD build/nrf52840/dk/obj/ringbufindex.o
LOAD build/nrf52840/dk/obj/sensors.o
LOAD build/nrf52840/dk/obj/trickle-timer.o
LOAD build/nrf52840/dk/obj/button-hal.o
LOAD build/nrf52840/dk/obj/gpio-hal.o
LOAD build/nrf52840/dk/obj/leds.o
LOAD build/nrf52840/dk/obj/nullradio.o
LOAD build/nrf52840/dk/obj/serial-line.o
LOAD build/nrf52840/dk/obj/slip.o
LOAD build/nrf52840/dk/obj/spi.o
LOAD build/nrf52840/dk/obj/link-stats.o
LOAD build/nrf52840/dk/obj/linkaddr.o
LOAD build/nrf52840/dk/obj/nbr-table.o
LOAD build/nrf52840/dk/obj/net-debug.o
LOAD build/nrf52840/dk/obj/netstack.o
LOAD build/nrf52840/dk/obj/packetbuf.o
LOAD build/nrf52840/dk/obj/queuebuf.o
LOAD build/nrf52840/dk/obj/mac-sequence.o
LOAD build/nrf52840/dk/obj/mac.o
LOAD build/nrf52840/dk/obj/frame802154.o
LOAD build/nrf52840/dk/obj/frame802154e-ie.o
LOAD build/nrf52840/dk/obj/framer-802154.o
LOAD build/nrf52840/dk/obj/nullframer.o
LOAD build/nrf52840/dk/obj/syscalls.o
LOAD build/nrf52840/dk/obj/printf.o
LOAD build/nrf52840/dk/obj/putchar.o
LOAD build/nrf52840/dk/obj/puts.o
LOAD build/nrf52840/dk/obj/snprintf.o
LOAD build/nrf52840/dk/obj/sprintf.o
LOAD build/nrf52840/dk/obj/strformat.o
LOAD build/nrf52840/dk/obj/anti-replay.o
LOAD build/nrf52840/dk/obj/ccm-star-packetbuf.o
LOAD build/nrf52840/dk/obj/csma-output.o
LOAD build/nrf52840/dk/obj/csma-security.o
LOAD build/nrf52840/dk/obj/csma.o
LOAD build/nrf52840/dk/obj/nullnet.o
LOAD build/nrf52840/dk/obj/nullrouting.o
LOAD basestation.o
START GROUP
END GROUP
START GROUP
LOAD /usr/local/Cellar/contiki-ng-arm-gcc-bin/5-2015-q4-major/bin/../lib/gcc/arm-none-eabi/5.2.1/armv7e-m/fpu/libgcc.a
LOAD /usr/local/Cellar/contiki-ng-arm-gcc-bin/5-2015-q4-major/bin/../lib/gcc/arm-none-eabi/5.2.1/../../../../arm-none-eabi/lib/armv7e-m/fpu/libc_nano.a
END GROUP
START GROUP
LOAD /usr/local/Cellar/contiki-ng-arm-gcc-bin/5-2015-q4-major/bin/../lib/gcc/arm-none-eabi/5.2.1/armv7e-m/fpu/libgcc.a
LOAD /usr/local/Cellar/contiki-ng-arm-gcc-bin/5-2015-q4-major/bin/../lib/gcc/arm-none-eabi/5.2.1/../../../../arm-none-eabi/lib/armv7e-m/fpu/libc_nano.a
END GROUP
LOAD /usr/local/Cellar/contiki-ng-arm-gcc-bin/5-2015-q4-major/bin/../lib/gcc/arm-none-eabi/5.2.1/armv7e-m/fpu/crtend.o
LOAD /usr/local/Cellar/contiki-ng-arm-gcc-bin/5-2015-q4-major/bin/../lib/gcc/arm-none-eabi/5.2.1/armv7e-m/fpu/crtn.o
START GROUP
LOAD /usr/local/Cellar/contiki-ng-arm-gcc-bin/5-2015-q4-major/bin/../lib/gcc/arm-none-eabi/5.2.1/armv7e-m/fpu/libgcc.a
LOAD /usr/local/Cellar/contiki-ng-arm-gcc-bin/5-2015-q4-major/bin/../lib/gcc/arm-none-eabi/5.2.1/../../../../arm-none-eabi/lib/armv7e-m/fpu/libc.a
LOAD /usr/local/Cellar/contiki-ng-arm-gcc-bin/5-2015-q4-major/bin/../lib/gcc/arm-none-eabi/5.2.1/../../../../arm-none-eabi/lib/armv7e-m/fpu/libnosys.a
END GROUP

.text           0x0000000000000000     0x5398
 *(SORT(.isr_vector))
 .isr_vector    0x0000000000000000      0x200 build/nrf52840/dk/obj/gcc_startup_nrf52840.o
                0x0000000000000000                __isr_vector
 *(SORT(.text*))
 .text          0x0000000000000200       0xa4 /usr/local/Cellar/contiki-ng-arm-gcc-bin/5-2015-q4-major/bin/../lib/gcc/arm-none-eabi/5.2.1/armv7e-m/fpu/crtbegin.o
 .text          0x00000000000002a4       0x74 /usr/local/Cellar/contiki-ng-arm-gcc-bin/5-2015-q4-major/bin/../lib/gcc/arm-none-eabi/5.2.1/../../../../arm-none-eabi/lib/armv7e-m/fpu/crt0.o
                0x00000000000002a4                _mainCRTStartup
                0x00000000000002a4                _start
 .text.exit     0x0000000000000318       0x28 /usr/local/Cellar/contiki-ng-arm-gcc-bin/5-2015-q4-major/bin/../lib/gcc/arm-none-eabi/5.2.1/../../../../arm-none-eabi/lib/armv7e-m/fpu/libc_nano.a(lib_a-exit.o)
                0x0000000000000318                exit
 .text.__libc_init_array
                0x0000000000000340       0x4c /usr/local/Cellar/contiki-ng-arm-gcc-bin/5-2015-q4-major/bin/../lib/gcc/arm-none-eabi/5.2.1/../../../../arm-none-eabi/lib/armv7e-m/fpu/libc_nano.a(lib_a-init.o)
                0x0000000000000340                __libc_init_array
 .text._exit    0x000000000000038c        0x4 /usr/local/Cellar/contiki-ng-arm-gcc-bin/5-2015-q4-major/bin/../lib/gcc/arm-none-eabi/5.2.1/../../../../arm-none-eabi/lib/armv7e-m/fpu/libnosys.a(_exit.o)
                0x000000000000038c                _exit
 .text.platform_init_stage_one
                0x0000000000000390       0x10 build/nrf52840/dk/obj/platform.o
                0x0000000000000390                platform_init_stage_one
 .text.platform_init_stage_two
                0x00000000000003a0       0x5c build/nrf52840/dk/obj/platform.o
                0x00000000000003a0                platform_init_stage_two
 .text.platform_init_stage_three
                0x00000000000003fc        0xc build/nrf52840/dk/obj/platform.o
                0x00000000000003fc                platform_init_stage_three
 .text.platform_idle
                0x0000000000000408       0x24 build/nrf52840/dk/obj/platform.o
                0x0000000000000408                platform_idle
 .text.configure
                0x000000000000042c       0x14 build/nrf52840/dk/obj/temperature-sensor.o
 .text.status   0x0000000000000440        0x4 build/nrf52840/dk/obj/temperature-sensor.o
 .text.value    0x0000000000000444       0x5c build/nrf52840/dk/obj/temperature-sensor.o
 .text.dbg_send_bytes
                0x00000000000004a0       0x38 build/nrf52840/dk/obj/dbg.o
                0x00000000000004a0                dbg_send_bytes
 .text.clock_init
                0x00000000000004d8       0x6c build/nrf52840/dk/obj/clock.o
                0x00000000000004d8                clock_init
 .text.clock_time
                0x0000000000000544        0xc build/nrf52840/dk/obj/clock.o
                0x0000000000000544                clock_time
 .text.clock_update
                0x0000000000000550       0x20 build/nrf52840/dk/obj/clock.o
                0x0000000000000550                clock_update
 .text.rtc_handler
                0x0000000000000570        0xc build/nrf52840/dk/obj/clock.o
 .text.rtimer_arch_init
                0x000000000000057c       0x64 build/nrf52840/dk/obj/rtimer-arch.o
                0x000000000000057c                rtimer_arch_init
 .text.rtimer_arch_schedule
                0x00000000000005e0        0xc build/nrf52840/dk/obj/rtimer-arch.o
                0x00000000000005e0                rtimer_arch_schedule
 .text.rtimer_arch_now
                0x00000000000005ec       0x18 build/nrf52840/dk/obj/rtimer-arch.o
                0x00000000000005ec                rtimer_arch_now
 .text.TIMER0_IRQHandler
                0x0000000000000604       0x24 build/nrf52840/dk/obj/rtimer-arch.o
                0x0000000000000604                TIMER0_IRQHandler
 .text.uart0_writeb
                0x0000000000000628       0x28 build/nrf52840/dk/obj/uart0.o
                0x0000000000000628                uart0_writeb
 .text.uart0_init
                0x0000000000000650       0x64 build/nrf52840/dk/obj/uart0.o
                0x0000000000000650                uart0_init
 .text.UARTE0_UART0_IRQHandler
                0x00000000000006b4       0x30 build/nrf52840/dk/obj/uart0.o
                0x00000000000006b4                UARTE0_UART0_IRQHandler
 .text.wdt_event_handler
                0x00000000000006e4       0x14 build/nrf52840/dk/obj/watchdog.o
 .text.watchdog_init
                0x00000000000006f8       0x48 build/nrf52840/dk/obj/watchdog.o
                0x00000000000006f8                watchdog_init
 .text.watchdog_start
                0x0000000000000740       0x10 build/nrf52840/dk/obj/watchdog.o
                0x0000000000000740                watchdog_start
 .text.watchdog_periodic
                0x0000000000000750       0x18 build/nrf52840/dk/obj/watchdog.o
                0x0000000000000750                watchdog_periodic
 .text.int_master_read_and_disable
                0x0000000000000768        0x8 build/nrf52840/dk/obj/int-master.o
                0x0000000000000768                int_master_read_and_disable
 .text.int_master_status_set
                0x0000000000000770        0x8 build/nrf52840/dk/obj/int-master.o
                0x0000000000000770                int_master_status_set
 .text.pin_event_handler
                0x0000000000000778       0x10 build/nrf52840/dk/obj/gpio-hal-arch.o
 .text.gpio_hal_arch_init
                0x0000000000000788       0x14 build/nrf52840/dk/obj/gpio-hal-arch.o
                0x0000000000000788                gpio_hal_arch_init
 .text.gpio_hal_arch_port_pin_cfg_set
                0x000000000000079c       0x90 build/nrf52840/dk/obj/gpio-hal-arch.o
                0x000000000000079c                gpio_hal_arch_port_pin_cfg_set
 .text.gpio_hal_arch_port_read_pin
                0x000000000000082c       0x28 build/nrf52840/dk/obj/gpio-hal-arch.o
                0x000000000000082c                gpio_hal_arch_port_read_pin
 .text.off      0x0000000000000854       0x10 build/nrf52840/dk/obj/nrf52840-ieee.o
 .text.get_value
                0x0000000000000864      0x12c build/nrf52840/dk/obj/nrf52840-ieee.o
 .text.set_object
                0x0000000000000990        0x4 build/nrf52840/dk/obj/nrf52840-ieee.o
 .text.setup_interrupts
                0x0000000000000994       0x88 build/nrf52840/dk/obj/nrf52840-ieee.o
 .text.receiving_packet
                0x0000000000000a1c       0x68 build/nrf52840/dk/obj/nrf52840-ieee.o
 .text.pending_packet
                0x0000000000000a84       0x28 build/nrf52840/dk/obj/nrf52840-ieee.o
 .text.get_object
                0x0000000000000aac       0x24 build/nrf52840/dk/obj/nrf52840-ieee.o
 .text.enter_rx
                0x0000000000000ad0       0x90 build/nrf52840/dk/obj/nrf52840-ieee.o
 .text.read_frame
                0x0000000000000b60       0xe8 build/nrf52840/dk/obj/nrf52840-ieee.o
 .text.process_thread_nrf52840_ieee_rf_process
                0x0000000000000c48       0x58 build/nrf52840/dk/obj/nrf52840-ieee.o
 .text.prepare  0x0000000000000ca0       0x48 build/nrf52840/dk/obj/nrf52840-ieee.o
 .text.configure
                0x0000000000000ce8       0xa8 build/nrf52840/dk/obj/nrf52840-ieee.o
 .text.on       0x0000000000000d90       0x20 build/nrf52840/dk/obj/nrf52840-ieee.o
 .text.channel_clear
                0x0000000000000db0       0x5c build/nrf52840/dk/obj/nrf52840-ieee.o
 .text.set_value
                0x0000000000000e0c       0xc8 build/nrf52840/dk/obj/nrf52840-ieee.o
 .text.transmit
                0x0000000000000ed4       0xd8 build/nrf52840/dk/obj/nrf52840-ieee.o
 .text.send     0x0000000000000fac       0x14 build/nrf52840/dk/obj/nrf52840-ieee.o
 .text.init     0x0000000000000fc0       0x90 build/nrf52840/dk/obj/nrf52840-ieee.o
 .text.RADIO_IRQHandler
                0x0000000000001050       0x6c build/nrf52840/dk/obj/nrf52840-ieee.o
                0x0000000000001050                RADIO_IRQHandler
 .text.app_error_handler_bare
                0x00000000000010bc       0x20 build/nrf52840/dk/obj/app_error.o
                0x00000000000010bc                app_error_handler_bare
 .text.app_error_fault_handler
                0x00000000000010dc       0x34 build/nrf52840/dk/obj/app_error_weak.o
                0x00000000000010dc                app_error_fault_handler
 .text.app_util_critical_region_enter
                0x0000000000001110       0x10 build/nrf52840/dk/obj/app_util_platform.o
                0x0000000000001110                app_util_critical_region_enter
 .text.app_util_critical_region_exit
                0x0000000000001120       0x14 build/nrf52840/dk/obj/app_util_platform.o
                0x0000000000001120                app_util_critical_region_exit
 .text.nrfx_clock_init
                0x0000000000001134       0x1c build/nrf52840/dk/obj/nrfx_clock.o
                0x0000000000001134                nrfx_clock_init
 .text.nrfx_clock_enable
                0x0000000000001150       0x24 build/nrf52840/dk/obj/nrfx_clock.o
                0x0000000000001150                nrfx_clock_enable
 .text.nrfx_clock_lfclk_start
                0x0000000000001174       0x30 build/nrf52840/dk/obj/nrfx_clock.o
                0x0000000000001174                nrfx_clock_lfclk_start
 .text.POWER_CLOCK_IRQHandler
                0x00000000000011a4       0x60 build/nrf52840/dk/obj/nrfx_clock.o
                0x00000000000011a4                POWER_CLOCK_IRQHandler
 .text.nrfx_rtc_init
                0x0000000000001204       0x8c build/nrf52840/dk/obj/nrfx_rtc.o
                0x0000000000001204                nrfx_rtc_init
 .text.nrfx_rtc_enable
                0x0000000000001290       0x18 build/nrf52840/dk/obj/nrfx_rtc.o
                0x0000000000001290                nrfx_rtc_enable
 .text.nrfx_rtc_tick_enable
                0x00000000000012a8       0x2c build/nrf52840/dk/obj/nrfx_rtc.o
                0x00000000000012a8                nrfx_rtc_tick_enable
 .text.RTC0_IRQHandler
                0x00000000000012d4       0xc4 build/nrf52840/dk/obj/nrfx_rtc.o
                0x00000000000012d4                RTC0_IRQHandler
 .text.nrfx_gpiote_init
                0x0000000000001398       0x9c build/nrf52840/dk/obj/nrfx_gpiote.o
                0x0000000000001398                nrfx_gpiote_init
 .text.nrfx_gpiote_is_init
                0x0000000000001434       0x14 build/nrf52840/dk/obj/nrfx_gpiote.o
                0x0000000000001434                nrfx_gpiote_is_init
 .text.nrfx_gpiote_in_init
                0x0000000000001448      0x148 build/nrf52840/dk/obj/nrfx_gpiote.o
                0x0000000000001448                nrfx_gpiote_in_init
 .text.nrfx_gpiote_in_event_enable
                0x0000000000001590       0xf8 build/nrf52840/dk/obj/nrfx_gpiote.o
                0x0000000000001590                nrfx_gpiote_in_event_enable
 .text.nrfx_gpiote_in_event_disable
                0x0000000000001688       0x70 build/nrf52840/dk/obj/nrfx_gpiote.o
                0x0000000000001688                nrfx_gpiote_in_event_disable
 .text.GPIOTE_IRQHandler
                0x00000000000016f8      0x200 build/nrf52840/dk/obj/nrfx_gpiote.o
                0x00000000000016f8                GPIOTE_IRQHandler
 .text.RNG_IRQHandler
                0x00000000000018f8       0x30 build/nrf52840/dk/obj/nrfx_rng.o
                0x00000000000018f8                RNG_IRQHandler
 .text.WDT_IRQHandler
                0x0000000000001928       0x28 build/nrf52840/dk/obj/nrfx_wdt.o
                0x0000000000001928                WDT_IRQHandler
 .text.nrfx_wdt_init
                0x0000000000001950       0x58 build/nrf52840/dk/obj/nrfx_wdt.o
                0x0000000000001950                nrfx_wdt_init
 .text.nrfx_wdt_enable
                0x00000000000019a8       0x1c build/nrf52840/dk/obj/nrfx_wdt.o
                0x00000000000019a8                nrfx_wdt_enable
 .text.nrfx_wdt_channel_alloc
                0x00000000000019c4       0x4c build/nrf52840/dk/obj/nrfx_wdt.o
                0x00000000000019c4                nrfx_wdt_channel_alloc
 .text.nrfx_wdt_channel_feed
                0x0000000000001a10       0x18 build/nrf52840/dk/obj/nrfx_wdt.o
                0x0000000000001a10                nrfx_wdt_channel_feed
 .text.SystemInit
                0x0000000000001a28      0x1c4 build/nrf52840/dk/obj/system_nrf52840.o
                0x0000000000001a28                SystemInit
 .text.clock_irq_handler
                0x0000000000001bec       0x40 build/nrf52840/dk/obj/nrf_drv_clock.o
 .text.nrf_drv_clock_init
                0x0000000000001c2c       0x38 build/nrf52840/dk/obj/nrf_drv_clock.o
                0x0000000000001c2c                nrf_drv_clock_init
 .text.nrf_drv_clock_lfclk_request
                0x0000000000001c64       0x5c build/nrf52840/dk/obj/nrf_drv_clock.o
                0x0000000000001c64                nrf_drv_clock_lfclk_request
 .text          0x0000000000001cc0       0x3c build/nrf52840/dk/obj/gcc_startup_nrf52840.o
                0x0000000000001cc0                Reset_Handler
                0x0000000000001ce8                NMI_Handler
                0x0000000000001cea                HardFault_Handler
                0x0000000000001cec                MemoryManagement_Handler
                0x0000000000001cee                BusFault_Handler
                0x0000000000001cf0                UsageFault_Handler
                0x0000000000001cf2                SVC_Handler
                0x0000000000001cf4                DebugMon_Handler
                0x0000000000001cf6                PendSV_Handler
                0x0000000000001cf8                SysTick_Handler
                0x0000000000001cfa                USBD_IRQHandler
                0x0000000000001cfa                SPIM0_SPIS0_TWIM0_TWIS0_SPI0_TWI0_IRQHandler
                0x0000000000001cfa                TIMER4_IRQHandler
                0x0000000000001cfa                CRYPTOCELL_IRQHandler
                0x0000000000001cfa                I2S_IRQHandler
                0x0000000000001cfa                SWI4_EGU4_IRQHandler
                0x0000000000001cfa                UARTE1_IRQHandler
                0x0000000000001cfa                TIMER1_IRQHandler
                0x0000000000001cfa                SPIM3_IRQHandler
                0x0000000000001cfa                PWM2_IRQHandler
                0x0000000000001cfa                ECB_IRQHandler
                0x0000000000001cfa                SPIM1_SPIS1_TWIM1_TWIS1_SPI1_TWI1_IRQHandler
                0x0000000000001cfa                Default_Handler
                0x0000000000001cfa                SAADC_IRQHandler
                0x0000000000001cfa                CCM_AAR_IRQHandler
                0x0000000000001cfa                SWI5_EGU5_IRQHandler
                0x0000000000001cfa                RTC2_IRQHandler
                0x0000000000001cfa                PWM0_IRQHandler
                0x0000000000001cfa                SWI3_EGU3_IRQHandler
                0x0000000000001cfa                RTC1_IRQHandler
                0x0000000000001cfa                SWI1_EGU1_IRQHandler
                0x0000000000001cfa                SPIM2_SPIS2_SPI2_IRQHandler
                0x0000000000001cfa                NFCT_IRQHandler
                0x0000000000001cfa                MWU_IRQHandler
                0x0000000000001cfa                QSPI_IRQHandler
                0x0000000000001cfa                TIMER2_IRQHandler
                0x0000000000001cfa                COMP_LPCOMP_IRQHandler
                0x0000000000001cfa                SWI0_EGU0_IRQHandler
                0x0000000000001cfa                SWI2_EGU2_IRQHandler
                0x0000000000001cfa                PWM1_IRQHandler
                0x0000000000001cfa                PDM_IRQHandler
                0x0000000000001cfa                TEMP_IRQHandler
                0x0000000000001cfa                QDEC_IRQHandler
                0x0000000000001cfa                TIMER3_IRQHandler
                0x0000000000001cfa                PWM3_IRQHandler
                0x0000000000001cfa                FPU_IRQHandler
 .text.startup.main
                0x0000000000001cfc      0x190 build/nrf52840/dk/obj/contiki-main.o
                0x0000000000001cfc                main
 .text.autostart_start
                0x0000000000001e8c       0x18 build/nrf52840/dk/obj/autostart.o
                0x0000000000001e8c                autostart_start
 .text.process_thread_ctimer_process
                0x0000000000001ea4       0x94 build/nrf52840/dk/obj/ctimer.o
 .text.ctimer_init
                0x0000000000001f38       0x28 build/nrf52840/dk/obj/ctimer.o
                0x0000000000001f38                ctimer_init
 .text.ctimer_set_with_process
                0x0000000000001f60       0x4c build/nrf52840/dk/obj/ctimer.o
                0x0000000000001f60                ctimer_set_with_process
 .text.ctimer_set
                0x0000000000001fac       0x18 build/nrf52840/dk/obj/ctimer.o
                0x0000000000001fac                ctimer_set
 .text.ctimer_stop
                0x0000000000001fc4       0x34 build/nrf52840/dk/obj/ctimer.o
                0x0000000000001fc4                ctimer_stop
 .text.ctimer_expired
                0x0000000000001ff8       0x40 build/nrf52840/dk/obj/ctimer.o
                0x0000000000001ff8                ctimer_expired
 .text.energest_init
                0x0000000000002038        0x4 build/nrf52840/dk/obj/energest.o
                0x0000000000002038                energest_init
 .text.update_time
                0x000000000000203c       0x44 build/nrf52840/dk/obj/etimer.o
 .text.process_thread_etimer_process
                0x0000000000002080       0xc8 build/nrf52840/dk/obj/etimer.o
 .text.add_timer
                0x0000000000002148       0x54 build/nrf52840/dk/obj/etimer.o
 .text.etimer_request_poll
                0x000000000000219c        0xc build/nrf52840/dk/obj/etimer.o
                0x000000000000219c                etimer_request_poll
 .text.etimer_set
                0x00000000000021a8       0x14 build/nrf52840/dk/obj/etimer.o
                0x00000000000021a8                etimer_set
 .text.etimer_reset
                0x00000000000021bc       0x14 build/nrf52840/dk/obj/etimer.o
                0x00000000000021bc                etimer_reset
 .text.etimer_expired
                0x00000000000021d0        0xc build/nrf52840/dk/obj/etimer.o
                0x00000000000021d0                etimer_expired
 .text.etimer_pending
                0x00000000000021dc       0x10 build/nrf52840/dk/obj/etimer.o
                0x00000000000021dc                etimer_pending
 .text.etimer_stop
                0x00000000000021ec       0x44 build/nrf52840/dk/obj/etimer.o
                0x00000000000021ec                etimer_stop
 .text.log_lladdr
                0x0000000000002230       0x54 build/nrf52840/dk/obj/log.o
                0x0000000000002230                log_lladdr
 .text.node_id_init
                0x0000000000002284       0x18 build/nrf52840/dk/obj/node-id.o
                0x0000000000002284                node_id_init
 .text.exit_process
                0x000000000000229c       0xb0 build/nrf52840/dk/obj/process.o
 .text.call_process.part.0
                0x000000000000234c       0x38 build/nrf52840/dk/obj/process.o
 .text.do_poll  0x0000000000002384       0x3c build/nrf52840/dk/obj/process.o
 .text.process_alloc_event
                0x00000000000023c0       0x10 build/nrf52840/dk/obj/process.o
                0x00000000000023c0                process_alloc_event
 .text.process_start
                0x00000000000023d0       0x48 build/nrf52840/dk/obj/process.o
                0x00000000000023d0                process_start
 .text.process_init
                0x0000000000002418       0x34 build/nrf52840/dk/obj/process.o
                0x0000000000002418                process_init
 .text.process_run
                0x000000000000244c       0xa8 build/nrf52840/dk/obj/process.o
                0x000000000000244c                process_run
 .text.process_nevents
                0x00000000000024f4       0x14 build/nrf52840/dk/obj/process.o
                0x00000000000024f4                process_nevents
 .text.process_post
                0x0000000000002508       0x40 build/nrf52840/dk/obj/process.o
                0x0000000000002508                process_post
 .text.process_poll
                0x0000000000002548       0x18 build/nrf52840/dk/obj/process.o
                0x0000000000002548                process_poll
 .text.rtimer_init
                0x0000000000002560        0x4 build/nrf52840/dk/obj/rtimer.o
                0x0000000000002560                rtimer_init
 .text.rtimer_run_next
                0x0000000000002564       0x28 build/nrf52840/dk/obj/rtimer.o
                0x0000000000002564                rtimer_run_next
 .text.stack_check_init
                0x000000000000258c       0x2c build/nrf52840/dk/obj/stack-check.o
                0x000000000000258c                stack_check_init
 .text.stack_check_get_usage
                0x00000000000025b8       0x54 build/nrf52840/dk/obj/stack-check.o
                0x00000000000025b8                stack_check_get_usage
 .text.process_thread_stack_check_process
                0x000000000000260c       0xb8 build/nrf52840/dk/obj/stack-check.o
 .text.timer_set
                0x00000000000026c4       0x10 build/nrf52840/dk/obj/timer.o
                0x00000000000026c4                timer_set
 .text.timer_reset
                0x00000000000026d4       0x1c build/nrf52840/dk/obj/timer.o
                0x00000000000026d4                timer_reset
 .text.timer_expired
                0x00000000000026f0       0x1c build/nrf52840/dk/obj/timer.o
                0x00000000000026f0                timer_expired
 .text.list_init
                0x000000000000270c        0x8 build/nrf52840/dk/obj/list.o
                0x000000000000270c                list_init
 .text.list_head
                0x0000000000002714        0x4 build/nrf52840/dk/obj/list.o
                0x0000000000002714                list_head
 .text.list_add
                0x0000000000002718       0x60 build/nrf52840/dk/obj/list.o
                0x0000000000002718                list_add
 .text.list_remove
                0x0000000000002778       0x3c build/nrf52840/dk/obj/list.o
                0x0000000000002778                list_remove
 .text.list_length
                0x00000000000027b4       0x14 build/nrf52840/dk/obj/list.o
                0x00000000000027b4                list_length
 .text.list_item_next
                0x00000000000027c8        0x8 build/nrf52840/dk/obj/list.o
                0x00000000000027c8                list_item_next
 .text.memb_init
                0x00000000000027d0       0x24 build/nrf52840/dk/obj/memb.o
                0x00000000000027d0                memb_init
 .text.memb_alloc
                0x00000000000027f4       0x3c build/nrf52840/dk/obj/memb.o
                0x00000000000027f4                memb_alloc
 .text.memb_free
                0x0000000000002830       0x38 build/nrf52840/dk/obj/memb.o
                0x0000000000002830                memb_free
 .text.memb_inmemb
                0x0000000000002868       0x1c build/nrf52840/dk/obj/memb.o
                0x0000000000002868                memb_inmemb
 .text.random_rand
                0x0000000000002884        0xc build/nrf52840/dk/obj/random.o
                0x0000000000002884                random_rand
 .text.random_init
                0x0000000000002890       0x48 build/nrf52840/dk/obj/random.o
                0x0000000000002890                random_init
 .text.ringbuf_init
                0x00000000000028d8       0x10 build/nrf52840/dk/obj/ringbuf.o
                0x00000000000028d8                ringbuf_init
 .text.ringbuf_get
                0x00000000000028e8       0x28 build/nrf52840/dk/obj/ringbuf.o
                0x00000000000028e8                ringbuf_get
 .text.process_thread_sensors_process
                0x0000000000002910       0xf8 build/nrf52840/dk/obj/sensors.o
 .text.duration_exceeded_callback
                0x0000000000002a08       0x34 build/nrf52840/dk/obj/button-hal.o
 .text.process_thread_button_hal_process
                0x0000000000002a3c       0x98 build/nrf52840/dk/obj/button-hal.o
 .text.press_release_handler
                0x0000000000002ad4       0x34 build/nrf52840/dk/obj/button-hal.o
 .text.button_hal_get_state
                0x0000000000002b08       0x28 build/nrf52840/dk/obj/button-hal.o
                0x0000000000002b08                button_hal_get_state
 .text.debounce_handler
                0x0000000000002b30       0x74 build/nrf52840/dk/obj/button-hal.o
 .text.button_hal_init
                0x0000000000002ba4       0xe4 build/nrf52840/dk/obj/button-hal.o
                0x0000000000002ba4                button_hal_init
 .text.gpio_hal_register_handler
                0x0000000000002c88        0xc build/nrf52840/dk/obj/gpio-hal.o
                0x0000000000002c88                gpio_hal_register_handler
 .text.gpio_hal_event_handler
                0x0000000000002c94       0x38 build/nrf52840/dk/obj/gpio-hal.o
                0x0000000000002c94                gpio_hal_event_handler
 .text.gpio_hal_init
                0x0000000000002ccc       0x14 build/nrf52840/dk/obj/gpio-hal.o
                0x0000000000002ccc                gpio_hal_init
 .text.leds_on  0x0000000000002ce0       0x78 build/nrf52840/dk/obj/leds.o
                0x0000000000002ce0                leds_on
 .text.leds_off
                0x0000000000002d58       0x78 build/nrf52840/dk/obj/leds.o
                0x0000000000002d58                leds_off
 .text.leds_init
                0x0000000000002dd0       0x44 build/nrf52840/dk/obj/leds.o
                0x0000000000002dd0                leds_init
 .text.process_thread_serial_line_process
                0x0000000000002e14       0xac build/nrf52840/dk/obj/serial-line.o
 .text.serial_line_init
                0x0000000000002ec0       0x24 build/nrf52840/dk/obj/serial-line.o
                0x0000000000002ec0                serial_line_init
 .text.linkaddr_copy
                0x0000000000002ee4        0x8 build/nrf52840/dk/obj/linkaddr.o
                0x0000000000002ee4                linkaddr_copy
 .text.linkaddr_cmp
                0x0000000000002eec       0x10 build/nrf52840/dk/obj/linkaddr.o
                0x0000000000002eec                linkaddr_cmp
 .text.netstack_init
                0x0000000000002efc       0x24 build/nrf52840/dk/obj/netstack.o
                0x0000000000002efc                netstack_init
 .text.packetbuf_copyto
                0x0000000000002f20       0x4c build/nrf52840/dk/obj/packetbuf.o
                0x0000000000002f20                packetbuf_copyto
 .text.packetbuf_hdralloc
                0x0000000000002f6c       0x58 build/nrf52840/dk/obj/packetbuf.o
                0x0000000000002f6c                packetbuf_hdralloc
 .text.packetbuf_hdrreduce
                0x0000000000002fc4       0x2c build/nrf52840/dk/obj/packetbuf.o
                0x0000000000002fc4                packetbuf_hdrreduce
 .text.packetbuf_set_datalen
                0x0000000000002ff0        0xc build/nrf52840/dk/obj/packetbuf.o
                0x0000000000002ff0                packetbuf_set_datalen
 .text.packetbuf_dataptr
                0x0000000000002ffc       0x20 build/nrf52840/dk/obj/packetbuf.o
                0x0000000000002ffc                packetbuf_dataptr
 .text.packetbuf_hdrptr
                0x000000000000301c        0x8 build/nrf52840/dk/obj/packetbuf.o
                0x000000000000301c                packetbuf_hdrptr
 .text.packetbuf_datalen
                0x0000000000003024        0xc build/nrf52840/dk/obj/packetbuf.o
                0x0000000000003024                packetbuf_datalen
 .text.packetbuf_totlen
                0x0000000000003030       0x24 build/nrf52840/dk/obj/packetbuf.o
                0x0000000000003030                packetbuf_totlen
 .text.packetbuf_attr_clear
                0x0000000000003054       0x34 build/nrf52840/dk/obj/packetbuf.o
                0x0000000000003054                packetbuf_attr_clear
 .text.packetbuf_clear
                0x0000000000003088       0x20 build/nrf52840/dk/obj/packetbuf.o
                0x0000000000003088                packetbuf_clear
 .text.packetbuf_copyfrom
                0x00000000000030a8       0x40 build/nrf52840/dk/obj/packetbuf.o
                0x00000000000030a8                packetbuf_copyfrom
 .text.packetbuf_attr_copyto
                0x00000000000030e8       0x24 build/nrf52840/dk/obj/packetbuf.o
                0x00000000000030e8                packetbuf_attr_copyto
 .text.packetbuf_attr_copyfrom
                0x000000000000310c       0x24 build/nrf52840/dk/obj/packetbuf.o
                0x000000000000310c                packetbuf_attr_copyfrom
 .text.packetbuf_set_attr
                0x0000000000003130       0x10 build/nrf52840/dk/obj/packetbuf.o
                0x0000000000003130                packetbuf_set_attr
 .text.packetbuf_attr
                0x0000000000003140        0xc build/nrf52840/dk/obj/packetbuf.o
                0x0000000000003140                packetbuf_attr
 .text.packetbuf_set_addr
                0x000000000000314c       0x18 build/nrf52840/dk/obj/packetbuf.o
                0x000000000000314c                packetbuf_set_addr
 .text.packetbuf_addr
                0x0000000000003164       0x10 build/nrf52840/dk/obj/packetbuf.o
                0x0000000000003164                packetbuf_addr
 .text.packetbuf_holds_broadcast
                0x0000000000003174       0x10 build/nrf52840/dk/obj/packetbuf.o
                0x0000000000003174                packetbuf_holds_broadcast
 .text.queuebuf_init
                0x0000000000003184       0x1c build/nrf52840/dk/obj/queuebuf.o
                0x0000000000003184                queuebuf_init
 .text.queuebuf_new_from_packetbuf
                0x00000000000031a0       0x48 build/nrf52840/dk/obj/queuebuf.o
                0x00000000000031a0                queuebuf_new_from_packetbuf
 .text.queuebuf_update_attr_from_packetbuf
                0x00000000000031e8        0xc build/nrf52840/dk/obj/queuebuf.o
                0x00000000000031e8                queuebuf_update_attr_from_packetbuf
 .text.queuebuf_free
                0x00000000000031f4       0x2c build/nrf52840/dk/obj/queuebuf.o
                0x00000000000031f4                queuebuf_free
 .text.queuebuf_to_packetbuf
                0x0000000000003220       0x30 build/nrf52840/dk/obj/queuebuf.o
                0x0000000000003220                queuebuf_to_packetbuf
 .text.mac_sequence_is_duplicate
                0x0000000000003250       0x4c build/nrf52840/dk/obj/mac-sequence.o
                0x0000000000003250                mac_sequence_is_duplicate
 .text.mac_sequence_register_seqno
                0x000000000000329c       0x70 build/nrf52840/dk/obj/mac-sequence.o
                0x000000000000329c                mac_sequence_register_seqno
 .text.mac_call_sent_callback
                0x000000000000330c       0x18 build/nrf52840/dk/obj/mac.o
                0x000000000000330c                mac_call_sent_callback
 .text.frame802154_get_pan_id
                0x0000000000003324        0xc build/nrf52840/dk/obj/frame802154.o
                0x0000000000003324                frame802154_get_pan_id
 .text.frame802154_has_panid
                0x0000000000003330       0xac build/nrf52840/dk/obj/frame802154.o
                0x0000000000003330                frame802154_has_panid
 .text.field_len
                0x00000000000033dc       0x8c build/nrf52840/dk/obj/frame802154.o
 .text.frame802154_is_broadcast_addr
                0x0000000000003468       0x20 build/nrf52840/dk/obj/frame802154.o
                0x0000000000003468                frame802154_is_broadcast_addr
 .text.frame802154_hdrlen
                0x0000000000003488       0x34 build/nrf52840/dk/obj/frame802154.o
                0x0000000000003488                frame802154_hdrlen
 .text.frame802154_create_fcf
                0x00000000000034bc       0x64 build/nrf52840/dk/obj/frame802154.o
                0x00000000000034bc                frame802154_create_fcf
 .text.frame802154_create
                0x0000000000003520       0xac build/nrf52840/dk/obj/frame802154.o
                0x0000000000003520                frame802154_create
 .text.frame802154_parse_fcf
                0x00000000000035cc       0x64 build/nrf52840/dk/obj/frame802154.o
                0x00000000000035cc                frame802154_parse_fcf
 .text.frame802154_parse
                0x0000000000003630      0x138 build/nrf52840/dk/obj/frame802154.o
                0x0000000000003630                frame802154_parse
 .text.parse    0x0000000000003768       0xa0 build/nrf52840/dk/obj/framer-802154.o
 .text.framer_802154_setup_params
                0x0000000000003808       0x80 build/nrf52840/dk/obj/framer-802154.o
                0x0000000000003808                framer_802154_setup_params
 .text.create_frame
                0x0000000000003888       0xdc build/nrf52840/dk/obj/framer-802154.o
 .text.create   0x0000000000003964        0x8 build/nrf52840/dk/obj/framer-802154.o
 .text.hdr_length
                0x000000000000396c        0x8 build/nrf52840/dk/obj/framer-802154.o
 .text._sbrk    0x0000000000003974       0x2c build/nrf52840/dk/obj/syscalls.o
                0x0000000000003974                _sbrk
 .text.write_str
                0x00000000000039a0       0x14 build/nrf52840/dk/obj/printf.o
 .text.printf   0x00000000000039b4       0x24 build/nrf52840/dk/obj/printf.o
                0x00000000000039b4                printf
 .text.fill_space
                0x00000000000039d8       0x3c build/nrf52840/dk/obj/strformat.o
 .text.format_str_v
                0x0000000000003a14      0x970 build/nrf52840/dk/obj/strformat.o
                0x0000000000003a14                format_str_v
 .text.schedule_transmission
                0x0000000000004384       0x3c build/nrf52840/dk/obj/csma-output.o
 .text.tx_done  0x00000000000043c0       0x90 build/nrf52840/dk/obj/csma-output.o
 .text.transmit_from_queue
                0x0000000000004450      0x1b0 build/nrf52840/dk/obj/csma-output.o
 .text.csma_output_packet
                0x0000000000004600      0x15c build/nrf52840/dk/obj/csma-output.o
                0x0000000000004600                csma_output_packet
 .text.csma_output_init
                0x000000000000475c       0x24 build/nrf52840/dk/obj/csma-output.o
                0x000000000000475c                csma_output_init
 .text.csma_security_create_frame
                0x0000000000004780       0x18 build/nrf52840/dk/obj/csma-security.o
                0x0000000000004780                csma_security_create_frame
 .text.csma_security_parse_frame
                0x0000000000004798        0xc build/nrf52840/dk/obj/csma-security.o
                0x0000000000004798                csma_security_parse_frame
 .text.on       0x00000000000047a4        0xc build/nrf52840/dk/obj/csma.o
 .text.off      0x00000000000047b0        0xc build/nrf52840/dk/obj/csma.o
 .text.max_payload
                0x00000000000047bc       0x40 build/nrf52840/dk/obj/csma.o
 .text.send_packet
                0x00000000000047fc        0x4 build/nrf52840/dk/obj/csma.o
 .text.input_packet
                0x0000000000004800       0xac build/nrf52840/dk/obj/csma.o
 .text.init     0x00000000000048ac       0x24 build/nrf52840/dk/obj/csma.o
 .text.init     0x00000000000048d0        0xc build/nrf52840/dk/obj/nullnet.o
 .text.output   0x00000000000048dc       0x54 build/nrf52840/dk/obj/nullnet.o
 .text.input    0x0000000000004930       0x3c build/nrf52840/dk/obj/nullnet.o
 .text.nullnet_set_input_callback
                0x000000000000496c        0xc build/nrf52840/dk/obj/nullnet.o
                0x000000000000496c                nullnet_set_input_callback
 .text.root_set_prefix
                0x0000000000004978        0x4 build/nrf52840/dk/obj/nullrouting.o
 .text.get_sr_node_ipaddr
                0x000000000000497c        0x4 build/nrf52840/dk/obj/nullrouting.o
 .text.leave_network
                0x0000000000004980        0x4 build/nrf52840/dk/obj/nullrouting.o
 .text.ext_header_remove
                0x0000000000004984        0x4 build/nrf52840/dk/obj/nullrouting.o
 .text.ext_header_update
                0x0000000000004988        0x4 build/nrf52840/dk/obj/nullrouting.o
 .text.ext_header_hbh_update
                0x000000000000498c        0x4 build/nrf52840/dk/obj/nullrouting.o
 .text.ext_header_srh_update
                0x0000000000004990        0x4 build/nrf52840/dk/obj/nullrouting.o
 .text.ext_header_srh_get_next_hop
                0x0000000000004994        0x4 build/nrf52840/dk/obj/nullrouting.o
 .text.link_callback
                0x0000000000004998        0x4 build/nrf52840/dk/obj/nullrouting.o
 .text.drop_route
                0x000000000000499c        0x4 build/nrf52840/dk/obj/nullrouting.o
 .text.is_in_leaf_mode
                0x00000000000049a0        0x4 build/nrf52840/dk/obj/nullrouting.o
 .text.get_root_ipaddr
                0x00000000000049a4        0x4 build/nrf52840/dk/obj/nullrouting.o
 .text.node_has_joined
                0x00000000000049a8        0x4 build/nrf52840/dk/obj/nullrouting.o
 .text.node_is_reachable
                0x00000000000049ac        0x4 build/nrf52840/dk/obj/nullrouting.o
 .text.global_repair
                0x00000000000049b0        0x4 build/nrf52840/dk/obj/nullrouting.o
 .text.local_repair
                0x00000000000049b4        0x4 build/nrf52840/dk/obj/nullrouting.o
 .text.neighbor_state_changed
                0x00000000000049b8        0x4 build/nrf52840/dk/obj/nullrouting.o
 .text.root_start
                0x00000000000049bc        0x4 build/nrf52840/dk/obj/nullrouting.o
 .text.node_is_root
                0x00000000000049c0        0x4 build/nrf52840/dk/obj/nullrouting.o
 .text.init     0x00000000000049c4        0x4 build/nrf52840/dk/obj/nullrouting.o
 .text.process_thread_basestation_process
                0x00000000000049c8       0x1c basestation.o
 .text.recv     0x00000000000049e4       0x24 basestation.o
 .text          0x0000000000004a08       0x30 /usr/local/Cellar/contiki-ng-arm-gcc-bin/5-2015-q4-major/bin/../lib/gcc/arm-none-eabi/5.2.1/armv7e-m/fpu/libgcc.a(_aeabi_uldivmod.o)
                0x0000000000004a08                __aeabi_uldivmod
 .text          0x0000000000004a38      0x2e4 /usr/local/Cellar/contiki-ng-arm-gcc-bin/5-2015-q4-major/bin/../lib/gcc/arm-none-eabi/5.2.1/armv7e-m/fpu/libgcc.a(_udivmoddi4.o)
                0x0000000000004a38                __udivmoddi4
 .text          0x0000000000004d1c        0x4 /usr/local/Cellar/contiki-ng-arm-gcc-bin/5-2015-q4-major/bin/../lib/gcc/arm-none-eabi/5.2.1/armv7e-m/fpu/libgcc.a(_dvmd_tls.o)
                0x0000000000004d1c                __aeabi_ldiv0
                0x0000000000004d1c                __aeabi_idiv0
 .text.srand    0x0000000000004d20       0x50 /usr/local/Cellar/contiki-ng-arm-gcc-bin/5-2015-q4-major/bin/../lib/gcc/arm-none-eabi/5.2.1/../../../../arm-none-eabi/lib/armv7e-m/fpu/libc_nano.a(lib_a-rand.o)
                0x0000000000004d20                srand
 .text.rand     0x0000000000004d70       0x74 /usr/local/Cellar/contiki-ng-arm-gcc-bin/5-2015-q4-major/bin/../lib/gcc/arm-none-eabi/5.2.1/../../../../arm-none-eabi/lib/armv7e-m/fpu/libc_nano.a(lib_a-rand.o)
                0x0000000000004d70                rand
 .text.malloc   0x0000000000004de4       0x10 /usr/local/Cellar/contiki-ng-arm-gcc-bin/5-2015-q4-major/bin/../lib/gcc/arm-none-eabi/5.2.1/../../../../arm-none-eabi/lib/armv7e-m/fpu/libc_nano.a(lib_a-malloc.o)
                0x0000000000004de4                malloc
 .text._malloc_r
                0x0000000000004df4       0xa8 /usr/local/Cellar/contiki-ng-arm-gcc-bin/5-2015-q4-major/bin/../lib/gcc/arm-none-eabi/5.2.1/../../../../arm-none-eabi/lib/armv7e-m/fpu/libc_nano.a(lib_a-nano-mallocr.o)
                0x0000000000004df4                _malloc_r
 .text._sbrk_r  0x0000000000004e9c       0x20 /usr/local/Cellar/contiki-ng-arm-gcc-bin/5-2015-q4-major/bin/../lib/gcc/arm-none-eabi/5.2.1/../../../../arm-none-eabi/lib/armv7e-m/fpu/libc_nano.a(lib_a-sbrkr.o)
                0x0000000000004e9c                _sbrk_r
 .text.memset   0x0000000000004ebc       0x10 /usr/local/Cellar/contiki-ng-arm-gcc-bin/5-2015-q4-major/bin/../lib/gcc/arm-none-eabi/5.2.1/../../../../arm-none-eabi/lib/armv7e-m/fpu/libc_nano.a(lib_a-memset.o)
                0x0000000000004ebc                memset
 .text.memcmp   0x0000000000004ecc       0x1e /usr/local/Cellar/contiki-ng-arm-gcc-bin/5-2015-q4-major/bin/../lib/gcc/arm-none-eabi/5.2.1/../../../../arm-none-eabi/lib/armv7e-m/fpu/libc_nano.a(lib_a-memcmp.o)
                0x0000000000004ecc                memcmp
 .text.memcpy   0x0000000000004eea       0x16 /usr/local/Cellar/contiki-ng-arm-gcc-bin/5-2015-q4-major/bin/../lib/gcc/arm-none-eabi/5.2.1/../../../../arm-none-eabi/lib/armv7e-m/fpu/libc_nano.a(lib_a-memcpy-stub.o)
                0x0000000000004eea                memcpy
 *(SORT(.init))
 .init          0x0000000000004f00        0x4 /usr/local/Cellar/contiki-ng-arm-gcc-bin/5-2015-q4-major/bin/../lib/gcc/arm-none-eabi/5.2.1/armv7e-m/fpu/crti.o
                0x0000000000004f00                _init
 .init          0x0000000000004f04        0x8 /usr/local/Cellar/contiki-ng-arm-gcc-bin/5-2015-q4-major/bin/../lib/gcc/arm-none-eabi/5.2.1/armv7e-m/fpu/crtn.o
 *(SORT(.fini))
 .fini          0x0000000000004f0c        0x4 /usr/local/Cellar/contiki-ng-arm-gcc-bin/5-2015-q4-major/bin/../lib/gcc/arm-none-eabi/5.2.1/armv7e-m/fpu/crti.o
                0x0000000000004f0c                _fini
 .fini          0x0000000000004f10        0x8 /usr/local/Cellar/contiki-ng-arm-gcc-bin/5-2015-q4-major/bin/../lib/gcc/arm-none-eabi/5.2.1/armv7e-m/fpu/crtn.o
 *crtbegin.o(SORT(.ctors))
 *crtbegin?.o(SORT(.ctors))
 *(SORT(EXCLUDE_FILE(*crtend.o *crtend?.o) .ctors))
 *(SORT(.ctors.*))
 *(SORT(.ctors))
 *crtbegin.o(SORT(.dtors))
 *crtbegin?.o(SORT(.dtors))
 *(SORT(EXCLUDE_FILE(*crtend.o *crtend?.o) .dtors))
 *(SORT(.dtors.*))
 *(SORT(.dtors))
 *(SORT(.rodata*))
 .rodata._global_impure_ptr
                0x0000000000004f18        0x4 /usr/local/Cellar/contiki-ng-arm-gcc-bin/5-2015-q4-major/bin/../lib/gcc/arm-none-eabi/5.2.1/../../../../arm-none-eabi/lib/armv7e-m/fpu/libc_nano.a(lib_a-impure.o)
                0x0000000000004f18                _global_impure_ptr
 .rodata.leds_arch_leds
                0x0000000000004f1c        0xc build/nrf52840/dk/obj/board-leds.o
                0x0000000000004f1c                leds_arch_leds
 .rodata.str1.4
                0x0000000000004f28       0x2d build/nrf52840/dk/obj/board-buttons.o
 *fill*         0x0000000000004f55        0x3 
 .rodata.str1.4
                0x0000000000004f58        0xc build/nrf52840/dk/obj/temperature-sensor.o
 .rodata.temperature_sensor
                0x0000000000004f64       0x10 build/nrf52840/dk/obj/temperature-sensor.o
                0x0000000000004f64                temperature_sensor
 .rodata        0x0000000000004f74        0x6 build/nrf52840/dk/obj/clock.o
 *fill*         0x0000000000004f7a        0x2 
 .rodata.rtc    0x0000000000004f7c        0x8 build/nrf52840/dk/obj/clock.o
                0x0000000000004f7c                rtc
 .rodata        0x0000000000004f84        0xc build/nrf52840/dk/obj/watchdog.o
 .rodata.str1.4
                0x0000000000004f90       0x74 build/nrf52840/dk/obj/nrf52840-ieee.o
 .rodata.nrf52840_ieee_driver
                0x0000000000005004       0x38 build/nrf52840/dk/obj/nrf52840-ieee.o
                0x0000000000005004                nrf52840_ieee_driver
 .rodata.str1.4
                0x000000000000503c       0xc9 build/nrf52840/dk/obj/contiki-main.o
                                         0xde (size before relaxing)
 *fill*         0x0000000000005105        0x3 
 .rodata.str1.4
                0x0000000000005108        0xf build/nrf52840/dk/obj/ctimer.o
 *fill*         0x0000000000005117        0x1 
 .rodata.str1.4
                0x0000000000005118        0xc build/nrf52840/dk/obj/etimer.o
 .rodata.str1.4
                0x0000000000005124       0xb5 build/nrf52840/dk/obj/log.o
 *fill*         0x00000000000051d9        0x3 
 .rodata.str1.4
                0x00000000000051dc       0x5c build/nrf52840/dk/obj/stack-check.o
                                         0x70 (size before relaxing)
 .rodata.str1.4
                0x0000000000005238        0x8 build/nrf52840/dk/obj/sensors.o
 .rodata.str1.4
                0x0000000000005240       0x13 build/nrf52840/dk/obj/button-hal.o
 *fill*         0x0000000000005253        0x1 
 .rodata.str1.4
                0x0000000000005254        0xe build/nrf52840/dk/obj/serial-line.o
 *fill*         0x0000000000005262        0x2 
 .rodata.linkaddr_null
                0x0000000000005264        0x8 build/nrf52840/dk/obj/linkaddr.o
                0x0000000000005264                linkaddr_null
 .rodata.framer_802154
                0x000000000000526c        0xc build/nrf52840/dk/obj/framer-802154.o
                0x000000000000526c                framer_802154
 .rodata.buffer.7706
                0x0000000000005278       0x10 build/nrf52840/dk/obj/strformat.o
 .rodata.str1.4
                0x0000000000005288       0x46 build/nrf52840/dk/obj/strformat.o
 *fill*         0x00000000000052ce        0x2 
 .rodata.buffer.7697
                0x00000000000052d0       0x10 build/nrf52840/dk/obj/strformat.o
 .rodata.str1.4
                0x00000000000052e0        0x5 build/nrf52840/dk/obj/csma.o
 *fill*         0x00000000000052e5        0x3 
 .rodata.csma_driver
                0x00000000000052e8       0x1c build/nrf52840/dk/obj/csma.o
                0x00000000000052e8                csma_driver
 .rodata.str1.4
                0x0000000000005304        0x8 build/nrf52840/dk/obj/nullnet.o
 .rodata.nullnet_driver
                0x0000000000005304       0x10 build/nrf52840/dk/obj/nullnet.o
                0x0000000000005304                nullnet_driver
 .rodata.nullrouting_driver
                0x0000000000005314       0x54 build/nrf52840/dk/obj/nullrouting.o
                0x0000000000005314                nullrouting_driver
 .rodata.str1.4
                0x0000000000005368        0xc build/nrf52840/dk/obj/nullrouting.o
 .rodata.autostart_processes
                0x0000000000005374        0x8 basestation.o
                0x0000000000005374                autostart_processes
 .rodata.str1.4
                0x000000000000537c       0x14 basestation.o
 .rodata.str1.1
                0x0000000000005390        0x2 /usr/local/Cellar/contiki-ng-arm-gcc-bin/5-2015-q4-major/bin/../lib/gcc/arm-none-eabi/5.2.1/../../../../arm-none-eabi/lib/armv7e-m/fpu/libc_nano.a(lib_a-impure.o)
 *(SORT(.eh_frame*))
 *fill*         0x0000000000005392        0x2 
 .eh_frame      0x0000000000005394        0x0 /usr/local/Cellar/contiki-ng-arm-gcc-bin/5-2015-q4-major/bin/../lib/gcc/arm-none-eabi/5.2.1/armv7e-m/fpu/crtbegin.o
 .eh_frame      0x0000000000005394        0x4 /usr/local/Cellar/contiki-ng-arm-gcc-bin/5-2015-q4-major/bin/../lib/gcc/arm-none-eabi/5.2.1/armv7e-m/fpu/crtend.o

.glue_7         0x0000000000005398        0x0
 .glue_7        0x0000000000005398        0x0 linker stubs

.glue_7t        0x0000000000005398        0x0
 .glue_7t       0x0000000000005398        0x0 linker stubs

.vfp11_veneer   0x0000000000005398        0x0
 .vfp11_veneer  0x0000000000005398        0x0 linker stubs

.v4_bx          0x0000000000005398        0x0
 .v4_bx         0x0000000000005398        0x0 linker stubs

.iplt           0x0000000000005398        0x0
 .iplt          0x0000000000005398        0x0 /usr/local/Cellar/contiki-ng-arm-gcc-bin/5-2015-q4-major/bin/../lib/gcc/arm-none-eabi/5.2.1/armv7e-m/fpu/crtbegin.o

.ARM.extab
 *(SORT(.ARM.extab*) SORT(.gnu.linkonce.armextab.*))
                0x0000000000005398                __exidx_start = .

.ARM.exidx      0x0000000000005398        0x8
 *(SORT(.ARM.exidx*) SORT(.gnu.linkonce.armexidx.*))
 .ARM.exidx     0x0000000000005398        0x8 /usr/local/Cellar/contiki-ng-arm-gcc-bin/5-2015-q4-major/bin/../lib/gcc/arm-none-eabi/5.2.1/../../../../arm-none-eabi/lib/armv7e-m/fpu/crt0.o
 .ARM.exidx     0x00000000000053a0        0x0 /usr/local/Cellar/contiki-ng-arm-gcc-bin/5-2015-q4-major/bin/../lib/gcc/arm-none-eabi/5.2.1/armv7e-m/fpu/libgcc.a(_udivmoddi4.o)
                                          0x8 (size before relaxing)
                0x00000000000053a0                __exidx_end = .
                0x00000000000053a0                __etext = .

.rel.dyn        0x00000000000053a0        0x0
 .rel.iplt      0x00000000000053a0        0x0 /usr/local/Cellar/contiki-ng-arm-gcc-bin/5-2015-q4-major/bin/../lib/gcc/arm-none-eabi/5.2.1/armv7e-m/fpu/crtbegin.o

.data           0x0000000020000000      0x2a8 load address 0x00000000000053a0
                0x0000000020000000                __data_start__ = .
 *(SORT(vtable))
 *(SORT(.data*))
 .data.impure_data
                0x0000000020000000       0x60 /usr/local/Cellar/contiki-ng-arm-gcc-bin/5-2015-q4-major/bin/../lib/gcc/arm-none-eabi/5.2.1/../../../../arm-none-eabi/lib/armv7e-m/fpu/libc_nano.a(lib_a-impure.o)
 .data._impure_ptr
                0x0000000020000060        0x4 /usr/local/Cellar/contiki-ng-arm-gcc-bin/5-2015-q4-major/bin/../lib/gcc/arm-none-eabi/5.2.1/../../../../arm-none-eabi/lib/armv7e-m/fpu/libc_nano.a(lib_a-impure.o)
                0x0000000020000060                _impure_ptr
 .data.btn_4    0x0000000020000064       0x50 build/nrf52840/dk/obj/board-buttons.o
 .data.button_hal_buttons
                0x00000000200000b4       0x14 build/nrf52840/dk/obj/board-buttons.o
                0x00000000200000b4                button_hal_buttons
 .data.btn_1    0x00000000200000c8       0x50 build/nrf52840/dk/obj/board-buttons.o
 .data.btn_2    0x0000000020000118       0x50 build/nrf52840/dk/obj/board-buttons.o
 .data.btn_3    0x0000000020000168       0x50 build/nrf52840/dk/obj/board-buttons.o
 .data.sensors  0x00000000200001b8        0x8 build/nrf52840/dk/obj/nrf52840dk-sensors.o
                0x00000000200001b8                sensors
 .data.rf_config
                0x00000000200001c0        0x8 build/nrf52840/dk/obj/nrf52840-ieee.o
 .data.nrf52840_ieee_rf_process
                0x00000000200001c8       0x10 build/nrf52840/dk/obj/nrf52840-ieee.o
                0x00000000200001c8                nrf52840_ieee_rf_process
 .data.SystemCoreClock
                0x00000000200001d8        0x4 build/nrf52840/dk/obj/system_nrf52840.o
                0x00000000200001d8                SystemCoreClock
 .data.ctimer_process
                0x00000000200001dc       0x10 build/nrf52840/dk/obj/ctimer.o
                0x00000000200001dc                ctimer_process
 .data.etimer_process
                0x00000000200001ec       0x10 build/nrf52840/dk/obj/etimer.o
                0x00000000200001ec                etimer_process
 .data.curr_log_level_main
                0x00000000200001fc        0x4 build/nrf52840/dk/obj/log.o
                0x00000000200001fc                curr_log_level_main
 .data.stack_check_process
                0x0000000020000200       0x10 build/nrf52840/dk/obj/stack-check.o
                0x0000000020000200                stack_check_process
 .data.sensors_process
                0x0000000020000210       0x10 build/nrf52840/dk/obj/sensors.o
                0x0000000020000210                sensors_process
 .data.button_hal_process
                0x0000000020000220       0x10 build/nrf52840/dk/obj/button-hal.o
                0x0000000020000220                button_hal_process
 .data.serial_line_process
                0x0000000020000230       0x10 build/nrf52840/dk/obj/serial-line.o
                0x0000000020000230                serial_line_process
 .data.bufmem   0x0000000020000240        0xc build/nrf52840/dk/obj/queuebuf.o
 .data.buframmem
                0x000000002000024c        0xc build/nrf52840/dk/obj/queuebuf.o
 .data.heap_end.4576
                0x0000000020000258        0x4 build/nrf52840/dk/obj/syscalls.o
 .data.ctxt     0x000000002000025c        0x8 build/nrf52840/dk/obj/printf.o
 .data.metadata_memb
                0x0000000020000264        0xc build/nrf52840/dk/obj/csma-output.o
 .data.packet_memb
                0x0000000020000270        0xc build/nrf52840/dk/obj/csma-output.o
 .data.neighbor_memb
                0x000000002000027c        0xc build/nrf52840/dk/obj/csma-output.o
 .data.basestation_process
                0x0000000020000288       0x10 basestation.o
                0x0000000020000288                basestation_process
 .data.mac_pan_id
                0x0000000020000298        0x2 build/nrf52840/dk/obj/frame802154.o
                0x000000002000029c                . = ALIGN (0x4)
 *fill*         0x000000002000029a        0x2 
                0x000000002000029c                PROVIDE (__preinit_array_start, .)
 *(SORT(.preinit_array))
                0x000000002000029c                PROVIDE (__preinit_array_end, .)
                0x000000002000029c                . = ALIGN (0x4)
                0x000000002000029c                PROVIDE (__init_array_start, .)
 *(SORT(.init_array.*))
 *(SORT(.init_array))
 .init_array    0x000000002000029c        0x4 /usr/local/Cellar/contiki-ng-arm-gcc-bin/5-2015-q4-major/bin/../lib/gcc/arm-none-eabi/5.2.1/armv7e-m/fpu/crtbegin.o
                0x00000000200002a0                PROVIDE (__init_array_end, .)
                0x00000000200002a0                . = ALIGN (0x4)
                [!provide]                        PROVIDE (__fini_array_start, .)
 *(SORT(.fini_array.*))
 *(SORT(.fini_array))
 .fini_array    0x00000000200002a0        0x4 /usr/local/Cellar/contiki-ng-arm-gcc-bin/5-2015-q4-major/bin/../lib/gcc/arm-none-eabi/5.2.1/armv7e-m/fpu/crtbegin.o
                [!provide]                        PROVIDE (__fini_array_end, .)
 *(SORT(.jcr*))
 .jcr           0x00000000200002a4        0x0 /usr/local/Cellar/contiki-ng-arm-gcc-bin/5-2015-q4-major/bin/../lib/gcc/arm-none-eabi/5.2.1/armv7e-m/fpu/crtbegin.o
 .jcr           0x00000000200002a4        0x4 /usr/local/Cellar/contiki-ng-arm-gcc-bin/5-2015-q4-major/bin/../lib/gcc/arm-none-eabi/5.2.1/armv7e-m/fpu/crtend.o
                0x00000000200002a8                . = ALIGN (0x4)
                0x00000000200002a8                __data_end__ = .

.tm_clone_table
                0x00000000200002a8        0x0 load address 0x0000000000005648
 .tm_clone_table
                0x00000000200002a8        0x0 /usr/local/Cellar/contiki-ng-arm-gcc-bin/5-2015-q4-major/bin/../lib/gcc/arm-none-eabi/5.2.1/armv7e-m/fpu/crtbegin.o
 .tm_clone_table
                0x00000000200002a8        0x0 /usr/local/Cellar/contiki-ng-arm-gcc-bin/5-2015-q4-major/bin/../lib/gcc/arm-none-eabi/5.2.1/armv7e-m/fpu/crtend.o

.igot.plt       0x00000000200002a8        0x0 load address 0x0000000000005648
 .igot.plt      0x00000000200002a8        0x0 /usr/local/Cellar/contiki-ng-arm-gcc-bin/5-2015-q4-major/bin/../lib/gcc/arm-none-eabi/5.2.1/armv7e-m/fpu/crtbegin.o

.bss            0x00000000200002a8      0xd78 load address 0x0000000000005648
                0x00000000200002a8                . = ALIGN (0x4)
                0x00000000200002a8                __bss_start__ = .
 *(SORT(.bss*))
 .bss           0x00000000200002a8       0x1c /usr/local/Cellar/contiki-ng-arm-gcc-bin/5-2015-q4-major/bin/../lib/gcc/arm-none-eabi/5.2.1/armv7e-m/fpu/crtbegin.o
 .bss.ticks     0x00000000200002c4        0x4 build/nrf52840/dk/obj/clock.o
 .bss.input_handler
                0x00000000200002c8        0x4 build/nrf52840/dk/obj/uart0.o
 .bss.timestamps
                0x00000000200002cc       0x14 build/nrf52840/dk/obj/nrf52840-ieee.o
 .bss.tx_buf    0x00000000200002e0       0x7e build/nrf52840/dk/obj/nrf52840-ieee.o
 *fill*         0x000000002000035e        0x2 
 .bss.rx_buf    0x0000000020000360       0x81 build/nrf52840/dk/obj/nrf52840-ieee.o
 *fill*         0x00000000200003e1        0x3 
 .bss.m_in_critical_region
                0x00000000200003e4        0x4 build/nrf52840/dk/obj/app_util_platform.o
 .bss.m_clock_cb
                0x00000000200003e8        0x8 build/nrf52840/dk/obj/nrfx_clock.o
 .bss.m_handlers
                0x00000000200003f0        0x4 build/nrf52840/dk/obj/nrfx_rtc.o
 .bss.m_cb      0x00000000200003f4        0x3 build/nrf52840/dk/obj/nrfx_rtc.o
 *fill*         0x00000000200003f7        0x1 
 .bss.m_cb      0x00000000200003f8       0x6c build/nrf52840/dk/obj/nrfx_gpiote.o
 .bss.m_rng_hndl
                0x0000000020000464        0x4 build/nrf52840/dk/obj/nrfx_rng.o
 .bss.m_wdt_event_handler
                0x0000000020000468        0x4 build/nrf52840/dk/obj/nrfx_wdt.o
 .bss.m_clock_cb
                0x000000002000046c       0x14 build/nrf52840/dk/obj/nrf_drv_clock.o
 .bss.ctimer_list_list
                0x0000000020000480        0x4 build/nrf52840/dk/obj/ctimer.o
 .bss.timerlist
                0x0000000020000484        0x4 build/nrf52840/dk/obj/etimer.o
 .bss.next_expiration
                0x0000000020000488        0x4 build/nrf52840/dk/obj/etimer.o
 .bss.process_current
                0x000000002000048c        0x4 build/nrf52840/dk/obj/process.o
                0x000000002000048c                process_current
 .bss.process_list
                0x0000000020000490        0x4 build/nrf52840/dk/obj/process.o
                0x0000000020000490                process_list
 .bss.events    0x0000000020000494      0x180 build/nrf52840/dk/obj/process.o
 .bss.next_rtimer
                0x0000000020000614        0x4 build/nrf52840/dk/obj/rtimer.o
 .bss.et.7856   0x0000000020000618       0x10 build/nrf52840/dk/obj/stack-check.o
 .bss.i.7829    0x0000000020000628        0x4 build/nrf52840/dk/obj/sensors.o
 .bss.events.7830
                0x000000002000062c        0x4 build/nrf52840/dk/obj/sensors.o
 .bss.pmask     0x0000000020000630        0x4 build/nrf52840/dk/obj/button-hal.o
 .bss.button_event_handlers
                0x0000000020000634       0x10 build/nrf52840/dk/obj/button-hal.o
 .bss.handlers_list
                0x0000000020000644        0x4 build/nrf52840/dk/obj/gpio-hal.o
 .bss.rxbuf_data
                0x0000000020000648       0x80 build/nrf52840/dk/obj/serial-line.o
 .bss.buf.7813  0x00000000200006c8       0x80 build/nrf52840/dk/obj/serial-line.o
 .bss.rxbuf     0x0000000020000748        0x8 build/nrf52840/dk/obj/serial-line.o
 .bss.ptr.7814  0x0000000020000750        0x4 build/nrf52840/dk/obj/serial-line.o
 .bss.packetbuf_aligned
                0x0000000020000754       0x80 build/nrf52840/dk/obj/packetbuf.o
 .bss.bufmem_memb_mem
                0x00000000200007d4       0x20 build/nrf52840/dk/obj/queuebuf.o
 .bss.buframmem_memb_mem
                0x00000000200007f4      0x560 build/nrf52840/dk/obj/queuebuf.o
 .bss.buframmem_memb_used
                0x0000000020000d54        0x8 build/nrf52840/dk/obj/queuebuf.o
 .bss.bufmem_memb_used
                0x0000000020000d5c        0x8 build/nrf52840/dk/obj/queuebuf.o
 .bss.received_seqnos
                0x0000000020000d64      0x100 build/nrf52840/dk/obj/mac-sequence.o
 .bss.metadata_memb_memb_used
                0x0000000020000e64        0x8 build/nrf52840/dk/obj/csma-output.o
 .bss.packet_memb_memb_used
                0x0000000020000e6c        0x8 build/nrf52840/dk/obj/csma-output.o
 .bss.metadata_memb_memb_mem
                0x0000000020000e74       0x60 build/nrf52840/dk/obj/csma-output.o
 .bss.neighbor_list_list
                0x0000000020000ed4        0x4 build/nrf52840/dk/obj/csma-output.o
 .bss.packet_memb_memb_mem
                0x0000000020000ed8       0x60 build/nrf52840/dk/obj/csma-output.o
 .bss.neighbor_memb_memb_used
                0x0000000020000f38        0x2 build/nrf52840/dk/obj/csma-output.o
 *fill*         0x0000000020000f3a        0x2 
 .bss.neighbor_memb_memb_mem
                0x0000000020000f3c       0x70 build/nrf52840/dk/obj/csma-output.o
 .bss.current_callback
                0x0000000020000fac        0x4 build/nrf52840/dk/obj/nullnet.o
 .bss.count     0x0000000020000fb0        0x4 basestation.o
 .bss.__malloc_sbrk_start
                0x0000000020000fb4        0x4 /usr/local/Cellar/contiki-ng-arm-gcc-bin/5-2015-q4-major/bin/../lib/gcc/arm-none-eabi/5.2.1/../../../../arm-none-eabi/lib/armv7e-m/fpu/libc_nano.a(lib_a-nano-mallocr.o)
                0x0000000020000fb4                __malloc_sbrk_start
 .bss.__malloc_free_list
                0x0000000020000fb8        0x4 /usr/local/Cellar/contiki-ng-arm-gcc-bin/5-2015-q4-major/bin/../lib/gcc/arm-none-eabi/5.2.1/../../../../arm-none-eabi/lib/armv7e-m/fpu/libc_nano.a(lib_a-nano-mallocr.o)
                0x0000000020000fb8                __malloc_free_list
 .bss.node_id   0x0000000020000fbc        0x2 build/nrf52840/dk/obj/node-id.o
                0x0000000020000fbc                node_id
 .bss.buflen    0x0000000020000fbe        0x2 build/nrf52840/dk/obj/packetbuf.o
 .bss.bufptr    0x0000000020000fc0        0x2 build/nrf52840/dk/obj/packetbuf.o
 .bss.wdt_initialized
                0x0000000020000fc2        0x1 build/nrf52840/dk/obj/watchdog.o
 .bss.wdt_channel_id
                0x0000000020000fc3        0x1 build/nrf52840/dk/obj/watchdog.o
 .bss.last_rssi
                0x0000000020000fc4        0x1 build/nrf52840/dk/obj/nrf52840-ieee.o
 .bss.last_lqi  0x0000000020000fc5        0x1 build/nrf52840/dk/obj/nrf52840-ieee.o
 .bss.m_alloc_index
                0x0000000020000fc6        0x1 build/nrf52840/dk/obj/nrfx_wdt.o
 .bss.m_state   0x0000000020000fc7        0x1 build/nrf52840/dk/obj/nrfx_wdt.o
 .bss.initialized
                0x0000000020000fc8        0x1 build/nrf52840/dk/obj/ctimer.o
 .bss.fevent    0x0000000020000fc9        0x1 build/nrf52840/dk/obj/process.o
 .bss.nevents   0x0000000020000fca        0x1 build/nrf52840/dk/obj/process.o
 .bss.poll_requested
                0x0000000020000fcb        0x1 build/nrf52840/dk/obj/process.o
 .bss.lastevent
                0x0000000020000fcc        0x1 build/nrf52840/dk/obj/process.o
 .bss.num_sensors
                0x0000000020000fcd        0x1 build/nrf52840/dk/obj/sensors.o
 .bss.port_mask
                0x0000000020000fce        0x1 build/nrf52840/dk/obj/button-hal.o
 .bss.hdrlen    0x0000000020000fcf        0x1 build/nrf52840/dk/obj/packetbuf.o
 .bss.mac_dsn   0x0000000020000fd0        0x1 build/nrf52840/dk/obj/framer-802154.o
 .bss.initialized
                0x0000000020000fd1        0x1 build/nrf52840/dk/obj/framer-802154.o
 .bss.seqno.8671
                0x0000000020000fd2        0x1 build/nrf52840/dk/obj/csma-output.o
 .bss.initialized.8670
                0x0000000020000fd3        0x1 build/nrf52840/dk/obj/csma-output.o
 *(SORT(COMMON))
 COMMON         0x0000000020000fd4        0x2 build/nrf52840/dk/obj/nrf52840dk-sensors.o
                0x0000000020000fd4                sensors_flags
 *fill*         0x0000000020000fd6        0x2 
 COMMON         0x0000000020000fd8        0x8 build/nrf52840/dk/obj/linkaddr.o
                0x0000000020000fd8                linkaddr_node_addr
 COMMON         0x0000000020000fe0       0x2a build/nrf52840/dk/obj/packetbuf.o
                0x0000000020000fe0                packetbuf_addrs
                0x0000000020000ff0                packetbuf_attrs
 *fill*         0x000000002000100a        0x2 
 COMMON         0x000000002000100c        0x6 build/nrf52840/dk/obj/nullnet.o
                0x000000002000100c                nullnet_buf
                0x0000000020001010                nullnet_len
 *fill*         0x0000000020001012        0x2 
 COMMON         0x0000000020001014        0x4 /usr/local/Cellar/contiki-ng-arm-gcc-bin/5-2015-q4-major/bin/../lib/gcc/arm-none-eabi/5.2.1/../../../../arm-none-eabi/lib/armv7e-m/fpu/libc_nano.a(lib_a-reent.o)
                0x0000000020001014                errno
 COMMON         0x0000000020001018        0x1 build/nrf52840/dk/obj/sensors.o
                0x0000000020001018                sensors_event
 COMMON         0x0000000020001019        0x3 build/nrf52840/dk/obj/button-hal.o
                0x0000000020001019                button_hal_release_event
                0x000000002000101a                button_hal_periodic_event
                0x000000002000101b                button_hal_press_event
 COMMON         0x000000002000101c        0x1 build/nrf52840/dk/obj/serial-line.o
                0x000000002000101c                serial_line_event_message
                0x0000000020001020                . = ALIGN (0x4)
 *fill*         0x000000002000101d        0x3 
                0x0000000020001020                __bss_end__ = .

.heap           0x0000000020001020      0x200
                0x0000000020001020                __HeapBase = .
                0x0000000020001020                __end__ = .
                0x0000000020001020                PROVIDE (end, .)
 *(SORT(.heap*))
 .heap          0x0000000020001020      0x200 build/nrf52840/dk/obj/gcc_startup_nrf52840.o
                0x0000000020001220                __HeapLimit = .

.stack_dummy    0x0000000020001020     0x2000
 *(SORT(.stack*))
 .stack         0x0000000020001020     0x2000 build/nrf52840/dk/obj/gcc_startup_nrf52840.o
                0x0000000020040000                __StackTop = (ORIGIN (RAM) + LENGTH (RAM))
                0x000000002003e000                __StackLimit = (__StackTop - SIZEOF (.stack_dummy))
                0x0000000020040000                PROVIDE (__stack, __StackTop)
                0x0000000000000001                ASSERT ((__StackLimit >= __HeapLimit), region RAM overflowed with stack)
                0x00000000000002a8                DataInitFlashUsed = (__bss_start__ - __data_start__)
                0x00000000000053a0                CodeFlashUsed = (__etext - ORIGIN (FLASH))
                0x0000000000005648                TotalFlashUsed = (CodeFlashUsed + DataInitFlashUsed)
                0x0000000000000001                ASSERT ((TotalFlashUsed <= LENGTH (FLASH)), region FLASH overflowed with .data and user data)
                0x0000000020001020                _stack = end
                0x0000000020040000                _stack_origin = (ORIGIN (RAM) + LENGTH (RAM))
                0x0000000020001020                _heap = _stack
                0x0000000020040000                _eheap = _stack_origin
OUTPUT(build/nrf52840/dk/basestation.elf elf32-littlearm)

.ARM.attributes
                0x0000000000000000       0x30
 .ARM.attributes
                0x0000000000000000       0x22 /usr/local/Cellar/contiki-ng-arm-gcc-bin/5-2015-q4-major/bin/../lib/gcc/arm-none-eabi/5.2.1/armv7e-m/fpu/crti.o
 .ARM.attributes
                0x0000000000000022       0x34 /usr/local/Cellar/contiki-ng-arm-gcc-bin/5-2015-q4-major/bin/../lib/gcc/arm-none-eabi/5.2.1/armv7e-m/fpu/crtbegin.o
 .ARM.attributes
                0x0000000000000056       0x20 /usr/local/Cellar/contiki-ng-arm-gcc-bin/5-2015-q4-major/bin/../lib/gcc/arm-none-eabi/5.2.1/../../../../arm-none-eabi/lib/armv7e-m/fpu/crt0.o
 .ARM.attributes
                0x0000000000000076       0x34 /usr/local/Cellar/contiki-ng-arm-gcc-bin/5-2015-q4-major/bin/../lib/gcc/arm-none-eabi/5.2.1/../../../../arm-none-eabi/lib/armv7e-m/fpu/libc_nano.a(lib_a-exit.o)
 .ARM.attributes
                0x00000000000000aa       0x34 /usr/local/Cellar/contiki-ng-arm-gcc-bin/5-2015-q4-major/bin/../lib/gcc/arm-none-eabi/5.2.1/../../../../arm-none-eabi/lib/armv7e-m/fpu/libc_nano.a(lib_a-impure.o)
 .ARM.attributes
                0x00000000000000de       0x34 /usr/local/Cellar/contiki-ng-arm-gcc-bin/5-2015-q4-major/bin/../lib/gcc/arm-none-eabi/5.2.1/../../../../arm-none-eabi/lib/armv7e-m/fpu/libc_nano.a(lib_a-init.o)
 .ARM.attributes
                0x0000000000000112       0x34 /usr/local/Cellar/contiki-ng-arm-gcc-bin/5-2015-q4-major/bin/../lib/gcc/arm-none-eabi/5.2.1/../../../../arm-none-eabi/lib/armv7e-m/fpu/libc_nano.a(lib_a-memset.o)
 .ARM.attributes
                0x0000000000000146       0x34 /usr/local/Cellar/contiki-ng-arm-gcc-bin/5-2015-q4-major/bin/../lib/gcc/arm-none-eabi/5.2.1/../../../../arm-none-eabi/lib/armv7e-m/fpu/libnosys.a(_exit.o)
 .ARM.attributes
                0x000000000000017a       0x39 build/nrf52840/dk/obj/board-leds.o
 .ARM.attributes
                0x00000000000001b3       0x39 build/nrf52840/dk/obj/board-buttons.o
 .ARM.attributes
                0x00000000000001ec       0x39 build/nrf52840/dk/obj/nrf52840dk-sensors.o
 .ARM.attributes
                0x0000000000000225       0x39 build/nrf52840/dk/obj/platform.o
 .ARM.attributes
                0x000000000000025e       0x39 build/nrf52840/dk/obj/temperature-sensor.o
 .ARM.attributes
                0x0000000000000297       0x39 build/nrf52840/dk/obj/dbg.o
 .ARM.attributes
                0x00000000000002d0       0x39 build/nrf52840/dk/obj/clock.o
 .ARM.attributes
                0x0000000000000309       0x39 build/nrf52840/dk/obj/rtimer-arch.o
 .ARM.attributes
                0x0000000000000342       0x39 build/nrf52840/dk/obj/uart0.o
 .ARM.attributes
                0x000000000000037b       0x39 build/nrf52840/dk/obj/watchdog.o
 .ARM.attributes
                0x00000000000003b4       0x39 build/nrf52840/dk/obj/int-master.o
 .ARM.attributes
                0x00000000000003ed       0x39 build/nrf52840/dk/obj/gpio-hal-arch.o
 .ARM.attributes
                0x0000000000000426       0x39 build/nrf52840/dk/obj/nrf52840-ieee.o
 .ARM.attributes
                0x000000000000045f       0x39 build/nrf52840/dk/obj/app_error.o
 .ARM.attributes
                0x0000000000000498       0x39 build/nrf52840/dk/obj/app_error_weak.o
 .ARM.attributes
                0x00000000000004d1       0x39 build/nrf52840/dk/obj/app_util_platform.o
 .ARM.attributes
                0x000000000000050a       0x39 build/nrf52840/dk/obj/nrfx_clock.o
 .ARM.attributes
                0x0000000000000543       0x39 build/nrf52840/dk/obj/nrfx_rtc.o
 .ARM.attributes
                0x000000000000057c       0x39 build/nrf52840/dk/obj/nrfx_gpiote.o
 .ARM.attributes
                0x00000000000005b5       0x39 build/nrf52840/dk/obj/nrfx_rng.o
 .ARM.attributes
                0x00000000000005ee       0x39 build/nrf52840/dk/obj/nrfx_wdt.o
 .ARM.attributes
                0x0000000000000627       0x39 build/nrf52840/dk/obj/system_nrf52840.o
 .ARM.attributes
                0x0000000000000660       0x39 build/nrf52840/dk/obj/nrf_drv_clock.o
 .ARM.attributes
                0x0000000000000699       0x20 build/nrf52840/dk/obj/gcc_startup_nrf52840.o
 .ARM.attributes
                0x00000000000006b9       0x39 build/nrf52840/dk/obj/contiki-main.o
 .ARM.attributes
                0x00000000000006f2       0x39 build/nrf52840/dk/obj/autostart.o
 .ARM.attributes
                0x000000000000072b       0x39 build/nrf52840/dk/obj/ctimer.o
 .ARM.attributes
                0x0000000000000764       0x39 build/nrf52840/dk/obj/energest.o
 .ARM.attributes
                0x000000000000079d       0x39 build/nrf52840/dk/obj/etimer.o
 .ARM.attributes
                0x00000000000007d6       0x39 build/nrf52840/dk/obj/log.o
 .ARM.attributes
                0x000000000000080f       0x39 build/nrf52840/dk/obj/node-id.o
 .ARM.attributes
                0x0000000000000848       0x39 build/nrf52840/dk/obj/process.o
 .ARM.attributes
                0x0000000000000881       0x39 build/nrf52840/dk/obj/rtimer.o
 .ARM.attributes
                0x00000000000008ba       0x39 build/nrf52840/dk/obj/stack-check.o
 .ARM.attributes
                0x00000000000008f3       0x39 build/nrf52840/dk/obj/timer.o
 .ARM.attributes
                0x000000000000092c       0x39 build/nrf52840/dk/obj/list.o
 .ARM.attributes
                0x0000000000000965       0x39 build/nrf52840/dk/obj/memb.o
 .ARM.attributes
                0x000000000000099e       0x39 build/nrf52840/dk/obj/random.o
 .ARM.attributes
                0x00000000000009d7       0x39 build/nrf52840/dk/obj/ringbuf.o
 .ARM.attributes
                0x0000000000000a10       0x39 build/nrf52840/dk/obj/sensors.o
 .ARM.attributes
                0x0000000000000a49       0x39 build/nrf52840/dk/obj/button-hal.o
 .ARM.attributes
                0x0000000000000a82       0x39 build/nrf52840/dk/obj/gpio-hal.o
 .ARM.attributes
                0x0000000000000abb       0x39 build/nrf52840/dk/obj/leds.o
 .ARM.attributes
                0x0000000000000af4       0x39 build/nrf52840/dk/obj/serial-line.o
 .ARM.attributes
                0x0000000000000b2d       0x39 build/nrf52840/dk/obj/linkaddr.o
 .ARM.attributes
                0x0000000000000b66       0x39 build/nrf52840/dk/obj/netstack.o
 .ARM.attributes
                0x0000000000000b9f       0x39 build/nrf52840/dk/obj/packetbuf.o
 .ARM.attributes
                0x0000000000000bd8       0x39 build/nrf52840/dk/obj/queuebuf.o
 .ARM.attributes
                0x0000000000000c11       0x39 build/nrf52840/dk/obj/mac-sequence.o
 .ARM.attributes
                0x0000000000000c4a       0x39 build/nrf52840/dk/obj/mac.o
 .ARM.attributes
                0x0000000000000c83       0x39 build/nrf52840/dk/obj/frame802154.o
 .ARM.attributes
                0x0000000000000cbc       0x39 build/nrf52840/dk/obj/framer-802154.o
 .ARM.attributes
                0x0000000000000cf5       0x39 build/nrf52840/dk/obj/syscalls.o
 .ARM.attributes
                0x0000000000000d2e       0x39 build/nrf52840/dk/obj/printf.o
 .ARM.attributes
                0x0000000000000d67       0x39 build/nrf52840/dk/obj/strformat.o
 .ARM.attributes
                0x0000000000000da0       0x39 build/nrf52840/dk/obj/csma-output.o
 .ARM.attributes
                0x0000000000000dd9       0x39 build/nrf52840/dk/obj/csma-security.o
 .ARM.attributes
                0x0000000000000e12       0x39 build/nrf52840/dk/obj/csma.o
 .ARM.attributes
                0x0000000000000e4b       0x39 build/nrf52840/dk/obj/nullnet.o
 .ARM.attributes
                0x0000000000000e84       0x39 build/nrf52840/dk/obj/nullrouting.o
 .ARM.attributes
                0x0000000000000ebd       0x39 basestation.o
 .ARM.attributes
                0x0000000000000ef6       0x22 /usr/local/Cellar/contiki-ng-arm-gcc-bin/5-2015-q4-major/bin/../lib/gcc/arm-none-eabi/5.2.1/armv7e-m/fpu/libgcc.a(_aeabi_uldivmod.o)
 .ARM.attributes
                0x0000000000000f18       0x34 /usr/local/Cellar/contiki-ng-arm-gcc-bin/5-2015-q4-major/bin/../lib/gcc/arm-none-eabi/5.2.1/armv7e-m/fpu/libgcc.a(_udivmoddi4.o)
 .ARM.attributes
                0x0000000000000f4c       0x22 /usr/local/Cellar/contiki-ng-arm-gcc-bin/5-2015-q4-major/bin/../lib/gcc/arm-none-eabi/5.2.1/armv7e-m/fpu/libgcc.a(_dvmd_tls.o)
 .ARM.attributes
                0x0000000000000f6e       0x34 /usr/local/Cellar/contiki-ng-arm-gcc-bin/5-2015-q4-major/bin/../lib/gcc/arm-none-eabi/5.2.1/../../../../arm-none-eabi/lib/armv7e-m/fpu/libc_nano.a(lib_a-memcmp.o)
 .ARM.attributes
                0x0000000000000fa2       0x34 /usr/local/Cellar/contiki-ng-arm-gcc-bin/5-2015-q4-major/bin/../lib/gcc/arm-none-eabi/5.2.1/../../../../arm-none-eabi/lib/armv7e-m/fpu/libc_nano.a(lib_a-memcpy-stub.o)
 .ARM.attributes
                0x0000000000000fd6       0x34 /usr/local/Cellar/contiki-ng-arm-gcc-bin/5-2015-q4-major/bin/../lib/gcc/arm-none-eabi/5.2.1/../../../../arm-none-eabi/lib/armv7e-m/fpu/libc_nano.a(lib_a-rand.o)
 .ARM.attributes
                0x000000000000100a       0x34 /usr/local/Cellar/contiki-ng-arm-gcc-bin/5-2015-q4-major/bin/../lib/gcc/arm-none-eabi/5.2.1/../../../../arm-none-eabi/lib/armv7e-m/fpu/libc_nano.a(lib_a-reent.o)
 .ARM.attributes
                0x000000000000103e       0x34 /usr/local/Cellar/contiki-ng-arm-gcc-bin/5-2015-q4-major/bin/../lib/gcc/arm-none-eabi/5.2.1/../../../../arm-none-eabi/lib/armv7e-m/fpu/libc_nano.a(lib_a-malloc.o)
 .ARM.attributes
                0x0000000000001072       0x34 /usr/local/Cellar/contiki-ng-arm-gcc-bin/5-2015-q4-major/bin/../lib/gcc/arm-none-eabi/5.2.1/../../../../arm-none-eabi/lib/armv7e-m/fpu/libc_nano.a(lib_a-nano-mallocr.o)
 .ARM.attributes
                0x00000000000010a6       0x34 /usr/local/Cellar/contiki-ng-arm-gcc-bin/5-2015-q4-major/bin/../lib/gcc/arm-none-eabi/5.2.1/../../../../arm-none-eabi/lib/armv7e-m/fpu/libc_nano.a(lib_a-sbrkr.o)
 .ARM.attributes
                0x00000000000010da       0x34 /usr/local/Cellar/contiki-ng-arm-gcc-bin/5-2015-q4-major/bin/../lib/gcc/arm-none-eabi/5.2.1/armv7e-m/fpu/crtend.o
 .ARM.attributes
                0x000000000000110e       0x22 /usr/local/Cellar/contiki-ng-arm-gcc-bin/5-2015-q4-major/bin/../lib/gcc/arm-none-eabi/5.2.1/armv7e-m/fpu/crtn.o

.comment        0x0000000000000000       0x6e
 .comment       0x0000000000000000       0x6e build/nrf52840/dk/obj/board-leds.o
                                         0x6f (size before relaxing)
 .comment       0x000000000000006e       0x6f build/nrf52840/dk/obj/board-buttons.o
 .comment       0x000000000000006e       0x6f build/nrf52840/dk/obj/nrf52840dk-sensors.o
 .comment       0x000000000000006e       0x6f build/nrf52840/dk/obj/platform.o
 .comment       0x000000000000006e       0x6f build/nrf52840/dk/obj/temperature-sensor.o
 .comment       0x000000000000006e       0x6f build/nrf52840/dk/obj/dbg.o
 .comment       0x000000000000006e       0x6f build/nrf52840/dk/obj/clock.o
 .comment       0x000000000000006e       0x6f build/nrf52840/dk/obj/rtimer-arch.o
 .comment       0x000000000000006e       0x6f build/nrf52840/dk/obj/uart0.o
 .comment       0x000000000000006e       0x6f build/nrf52840/dk/obj/watchdog.o
 .comment       0x000000000000006e       0x6f build/nrf52840/dk/obj/int-master.o
 .comment       0x000000000000006e       0x6f build/nrf52840/dk/obj/gpio-hal-arch.o
 .comment       0x000000000000006e       0x6f build/nrf52840/dk/obj/nrf52840-ieee.o
 .comment       0x000000000000006e       0x6f build/nrf52840/dk/obj/app_error.o
 .comment       0x000000000000006e       0x6f build/nrf52840/dk/obj/app_error_weak.o
 .comment       0x000000000000006e       0x6f build/nrf52840/dk/obj/app_util_platform.o
 .comment       0x000000000000006e       0x6f build/nrf52840/dk/obj/nrfx_clock.o
 .comment       0x000000000000006e       0x6f build/nrf52840/dk/obj/nrfx_rtc.o
 .comment       0x000000000000006e       0x6f build/nrf52840/dk/obj/nrfx_gpiote.o
 .comment       0x000000000000006e       0x6f build/nrf52840/dk/obj/nrfx_rng.o
 .comment       0x000000000000006e       0x6f build/nrf52840/dk/obj/nrfx_wdt.o
 .comment       0x000000000000006e       0x6f build/nrf52840/dk/obj/system_nrf52840.o
 .comment       0x000000000000006e       0x6f build/nrf52840/dk/obj/nrf_drv_clock.o
 .comment       0x000000000000006e       0x6f build/nrf52840/dk/obj/contiki-main.o
 .comment       0x000000000000006e       0x6f build/nrf52840/dk/obj/autostart.o
 .comment       0x000000000000006e       0x6f build/nrf52840/dk/obj/ctimer.o
 .comment       0x000000000000006e       0x6f build/nrf52840/dk/obj/energest.o
 .comment       0x000000000000006e       0x6f build/nrf52840/dk/obj/etimer.o
 .comment       0x000000000000006e       0x6f build/nrf52840/dk/obj/log.o
 .comment       0x000000000000006e       0x6f build/nrf52840/dk/obj/node-id.o
 .comment       0x000000000000006e       0x6f build/nrf52840/dk/obj/process.o
 .comment       0x000000000000006e       0x6f build/nrf52840/dk/obj/rtimer.o
 .comment       0x000000000000006e       0x6f build/nrf52840/dk/obj/stack-check.o
 .comment       0x000000000000006e       0x6f build/nrf52840/dk/obj/timer.o
 .comment       0x000000000000006e       0x6f build/nrf52840/dk/obj/list.o
 .comment       0x000000000000006e       0x6f build/nrf52840/dk/obj/memb.o
 .comment       0x000000000000006e       0x6f build/nrf52840/dk/obj/random.o
 .comment       0x000000000000006e       0x6f build/nrf52840/dk/obj/ringbuf.o
 .comment       0x000000000000006e       0x6f build/nrf52840/dk/obj/sensors.o
 .comment       0x000000000000006e       0x6f build/nrf52840/dk/obj/button-hal.o
 .comment       0x000000000000006e       0x6f build/nrf52840/dk/obj/gpio-hal.o
 .comment       0x000000000000006e       0x6f build/nrf52840/dk/obj/leds.o
 .comment       0x000000000000006e       0x6f build/nrf52840/dk/obj/serial-line.o
 .comment       0x000000000000006e       0x6f build/nrf52840/dk/obj/linkaddr.o
 .comment       0x000000000000006e       0x6f build/nrf52840/dk/obj/netstack.o
 .comment       0x000000000000006e       0x6f build/nrf52840/dk/obj/packetbuf.o
 .comment       0x000000000000006e       0x6f build/nrf52840/dk/obj/queuebuf.o
 .comment       0x000000000000006e       0x6f build/nrf52840/dk/obj/mac-sequence.o
 .comment       0x000000000000006e       0x6f build/nrf52840/dk/obj/mac.o
 .comment       0x000000000000006e       0x6f build/nrf52840/dk/obj/frame802154.o
 .comment       0x000000000000006e       0x6f build/nrf52840/dk/obj/framer-802154.o
 .comment       0x000000000000006e       0x6f build/nrf52840/dk/obj/syscalls.o
 .comment       0x000000000000006e       0x6f build/nrf52840/dk/obj/printf.o
 .comment       0x000000000000006e       0x6f build/nrf52840/dk/obj/strformat.o
 .comment       0x000000000000006e       0x6f build/nrf52840/dk/obj/csma-output.o
 .comment       0x000000000000006e       0x6f build/nrf52840/dk/obj/csma-security.o
 .comment       0x000000000000006e       0x6f build/nrf52840/dk/obj/csma.o
 .comment       0x000000000000006e       0x6f build/nrf52840/dk/obj/nullnet.o
 .comment       0x000000000000006e       0x6f build/nrf52840/dk/obj/nullrouting.o
 .comment       0x000000000000006e       0x6f basestation.o

.debug_frame    0x0000000000000000     0x2a7c
 .debug_frame   0x0000000000000000       0x28 /usr/local/Cellar/contiki-ng-arm-gcc-bin/5-2015-q4-major/bin/../lib/gcc/arm-none-eabi/5.2.1/../../../../arm-none-eabi/lib/armv7e-m/fpu/libc_nano.a(lib_a-exit.o)
 .debug_frame   0x0000000000000028       0x2c /usr/local/Cellar/contiki-ng-arm-gcc-bin/5-2015-q4-major/bin/../lib/gcc/arm-none-eabi/5.2.1/../../../../arm-none-eabi/lib/armv7e-m/fpu/libc_nano.a(lib_a-init.o)
 .debug_frame   0x0000000000000054       0x20 /usr/local/Cellar/contiki-ng-arm-gcc-bin/5-2015-q4-major/bin/../lib/gcc/arm-none-eabi/5.2.1/../../../../arm-none-eabi/lib/armv7e-m/fpu/libc_nano.a(lib_a-memset.o)
 .debug_frame   0x0000000000000074       0x20 /usr/local/Cellar/contiki-ng-arm-gcc-bin/5-2015-q4-major/bin/../lib/gcc/arm-none-eabi/5.2.1/../../../../arm-none-eabi/lib/armv7e-m/fpu/libnosys.a(_exit.o)
 .debug_frame   0x0000000000000094       0x74 build/nrf52840/dk/obj/platform.o
 .debug_frame   0x0000000000000108       0x54 build/nrf52840/dk/obj/temperature-sensor.o
 .debug_frame   0x000000000000015c       0x44 build/nrf52840/dk/obj/dbg.o
 .debug_frame   0x00000000000001a0       0xac build/nrf52840/dk/obj/clock.o
 .debug_frame   0x000000000000024c       0x70 build/nrf52840/dk/obj/rtimer-arch.o
 .debug_frame   0x00000000000002bc       0x88 build/nrf52840/dk/obj/uart0.o
 .debug_frame   0x0000000000000344       0x70 build/nrf52840/dk/obj/watchdog.o
 .debug_frame   0x00000000000003b4       0x50 build/nrf52840/dk/obj/int-master.o
 .debug_frame   0x0000000000000404      0x174 build/nrf52840/dk/obj/gpio-hal-arch.o
 .debug_frame   0x0000000000000578      0x22c build/nrf52840/dk/obj/nrf52840-ieee.o
 .debug_frame   0x00000000000007a4       0x54 build/nrf52840/dk/obj/app_error.o
 .debug_frame   0x00000000000007f8       0x20 build/nrf52840/dk/obj/app_error_weak.o
 .debug_frame   0x0000000000000818       0x70 build/nrf52840/dk/obj/app_util_platform.o
 .debug_frame   0x0000000000000888      0x108 build/nrf52840/dk/obj/nrfx_clock.o
 .debug_frame   0x0000000000000990      0x174 build/nrf52840/dk/obj/nrfx_rtc.o
 .debug_frame   0x0000000000000b04      0x24c build/nrf52840/dk/obj/nrfx_gpiote.o
 .debug_frame   0x0000000000000d50       0x90 build/nrf52840/dk/obj/nrfx_rng.o
 .debug_frame   0x0000000000000de0       0xa0 build/nrf52840/dk/obj/nrfx_wdt.o
 .debug_frame   0x0000000000000e80       0x40 build/nrf52840/dk/obj/system_nrf52840.o
 .debug_frame   0x0000000000000ec0      0x15c build/nrf52840/dk/obj/nrf_drv_clock.o
 .debug_frame   0x000000000000101c       0x28 build/nrf52840/dk/obj/contiki-main.o
 .debug_frame   0x0000000000001044       0x40 build/nrf52840/dk/obj/autostart.o
 .debug_frame   0x0000000000001084      0x140 build/nrf52840/dk/obj/ctimer.o
 .debug_frame   0x00000000000011c4       0x40 build/nrf52840/dk/obj/energest.o
 .debug_frame   0x0000000000001204      0x16c build/nrf52840/dk/obj/etimer.o
 .debug_frame   0x0000000000001370       0xe0 build/nrf52840/dk/obj/log.o
 .debug_frame   0x0000000000001450       0x20 build/nrf52840/dk/obj/node-id.o
 .debug_frame   0x0000000000001470      0x168 build/nrf52840/dk/obj/process.o
 .debug_frame   0x00000000000015d8       0x5c build/nrf52840/dk/obj/rtimer.o
 .debug_frame   0x0000000000001634       0x70 build/nrf52840/dk/obj/stack-check.o
 .debug_frame   0x00000000000016a4       0x88 build/nrf52840/dk/obj/timer.o
 .debug_frame   0x000000000000172c      0x138 build/nrf52840/dk/obj/list.o
 .debug_frame   0x0000000000001864       0x98 build/nrf52840/dk/obj/memb.o
 .debug_frame   0x00000000000018fc       0x38 build/nrf52840/dk/obj/random.o
 .debug_frame   0x0000000000001934       0x7c build/nrf52840/dk/obj/ringbuf.o
 .debug_frame   0x00000000000019b0       0xac build/nrf52840/dk/obj/sensors.o
 .debug_frame   0x0000000000001a5c       0xf0 build/nrf52840/dk/obj/button-hal.o
 .debug_frame   0x0000000000001b4c       0x58 build/nrf52840/dk/obj/gpio-hal.o
 .debug_frame   0x0000000000001ba4       0xfc build/nrf52840/dk/obj/leds.o
 .debug_frame   0x0000000000001ca0       0x64 build/nrf52840/dk/obj/serial-line.o
 .debug_frame   0x0000000000001d04       0x48 build/nrf52840/dk/obj/linkaddr.o
 .debug_frame   0x0000000000001d4c       0x68 build/nrf52840/dk/obj/netstack.o
 .debug_frame   0x0000000000001db4      0x1cc build/nrf52840/dk/obj/packetbuf.o
 .debug_frame   0x0000000000001f80      0x110 build/nrf52840/dk/obj/queuebuf.o
 .debug_frame   0x0000000000002090       0x5c build/nrf52840/dk/obj/mac-sequence.o
 .debug_frame   0x00000000000020ec       0x2c build/nrf52840/dk/obj/mac.o
 .debug_frame   0x0000000000002118      0x1a4 build/nrf52840/dk/obj/frame802154.o
 .debug_frame   0x00000000000022bc       0xc0 build/nrf52840/dk/obj/framer-802154.o
 .debug_frame   0x000000000000237c       0x20 build/nrf52840/dk/obj/syscalls.o
 .debug_frame   0x000000000000239c       0x5c build/nrf52840/dk/obj/printf.o
 .debug_frame   0x00000000000023f8       0x9c build/nrf52840/dk/obj/strformat.o
 .debug_frame   0x0000000000002494      0x120 build/nrf52840/dk/obj/csma-output.o
 .debug_frame   0x00000000000025b4       0x3c build/nrf52840/dk/obj/csma-security.o
 .debug_frame   0x00000000000025f0       0xac build/nrf52840/dk/obj/csma.o
 .debug_frame   0x000000000000269c       0x74 build/nrf52840/dk/obj/nullnet.o
 .debug_frame   0x0000000000002710      0x150 build/nrf52840/dk/obj/nullrouting.o
 .debug_frame   0x0000000000002860       0x44 basestation.o
 .debug_frame   0x00000000000028a4       0x2c /usr/local/Cellar/contiki-ng-arm-gcc-bin/5-2015-q4-major/bin/../lib/gcc/arm-none-eabi/5.2.1/armv7e-m/fpu/libgcc.a(_aeabi_uldivmod.o)
 .debug_frame   0x00000000000028d0       0x34 /usr/local/Cellar/contiki-ng-arm-gcc-bin/5-2015-q4-major/bin/../lib/gcc/arm-none-eabi/5.2.1/armv7e-m/fpu/libgcc.a(_udivmoddi4.o)
 .debug_frame   0x0000000000002904       0x28 /usr/local/Cellar/contiki-ng-arm-gcc-bin/5-2015-q4-major/bin/../lib/gcc/arm-none-eabi/5.2.1/../../../../arm-none-eabi/lib/armv7e-m/fpu/libc_nano.a(lib_a-memcmp.o)
 .debug_frame   0x000000000000292c       0x28 /usr/local/Cellar/contiki-ng-arm-gcc-bin/5-2015-q4-major/bin/../lib/gcc/arm-none-eabi/5.2.1/../../../../arm-none-eabi/lib/armv7e-m/fpu/libc_nano.a(lib_a-memcpy-stub.o)
 .debug_frame   0x0000000000002954       0x44 /usr/local/Cellar/contiki-ng-arm-gcc-bin/5-2015-q4-major/bin/../lib/gcc/arm-none-eabi/5.2.1/../../../../arm-none-eabi/lib/armv7e-m/fpu/libc_nano.a(lib_a-rand.o)
 .debug_frame   0x0000000000002998       0x5c /usr/local/Cellar/contiki-ng-arm-gcc-bin/5-2015-q4-major/bin/../lib/gcc/arm-none-eabi/5.2.1/../../../../arm-none-eabi/lib/armv7e-m/fpu/libc_nano.a(lib_a-reent.o)
 .debug_frame   0x00000000000029f4       0x30 /usr/local/Cellar/contiki-ng-arm-gcc-bin/5-2015-q4-major/bin/../lib/gcc/arm-none-eabi/5.2.1/../../../../arm-none-eabi/lib/armv7e-m/fpu/libc_nano.a(lib_a-malloc.o)
 .debug_frame   0x0000000000002a24       0x2c /usr/local/Cellar/contiki-ng-arm-gcc-bin/5-2015-q4-major/bin/../lib/gcc/arm-none-eabi/5.2.1/../../../../arm-none-eabi/lib/armv7e-m/fpu/libc_nano.a(lib_a-nano-mallocr.o)